
AVRASM ver. 2.1.30  C:\Users\Asus\Desktop\Class2\e12\clock\Debug\List\clock.asm Thu Jul 24 19:10:33 2025

C:\Users\Asus\Desktop\Class2\e12\clock\Debug\List\clock.asm(1088): warning: Register r4 already defined by the .DEF directive
C:\Users\Asus\Desktop\Class2\e12\clock\Debug\List\clock.asm(1089): warning: Register r5 already defined by the .DEF directive
C:\Users\Asus\Desktop\Class2\e12\clock\Debug\List\clock.asm(1090): warning: Register r7 already defined by the .DEF directive
C:\Users\Asus\Desktop\Class2\e12\clock\Debug\List\clock.asm(1091): warning: Register r6 already defined by the .DEF directive
C:\Users\Asus\Desktop\Class2\e12\clock\Debug\List\clock.asm(1092): warning: Register r9 already defined by the .DEF directive
C:\Users\Asus\Desktop\Class2\e12\clock\Debug\List\clock.asm(1093): warning: Register r8 already defined by the .DEF directive
C:\Users\Asus\Desktop\Class2\e12\clock\Debug\List\clock.asm(1094): warning: Register r10 already defined by the .DEF directive
C:\Users\Asus\Desktop\Class2\e12\clock\Debug\List\clock.asm(1095): warning: Register r11 already defined by the .DEF directive
C:\Users\Asus\Desktop\Class2\e12\clock\Debug\List\clock.asm(1096): warning: Register r13 already defined by the .DEF directive
                 
                 
                 ;CodeVisionAVR C Compiler V3.14 Advanced
                 ;(C) Copyright 1998-2014 Pavel Haiduc, HP InfoTech s.r.l.
                 ;http://www.hpinfotech.com
                 
                 ;Build configuration    : Debug
                 ;Chip type              : ATmega16A
                 ;Program type           : Application
                 ;Clock frequency        : 8.000000 MHz
                 ;Memory model           : Small
                 ;Optimize for           : Size
                 ;(s)printf features     : int, width
                 ;(s)scanf features      : int, width
                 ;External RAM size      : 0
                 ;Data Stack size        : 256 byte(s)
                 ;Heap size              : 0 byte(s)
                 ;Promote 'char' to 'int': Yes
                 ;'char' is unsigned     : Yes
                 ;8 bit enums            : Yes
                 ;Global 'const' stored in FLASH: No
                 ;Enhanced function parameter passing: Yes
                 ;Enhanced core instructions: On
                 ;Automatic register allocation for global variables: On
                 ;Smart register allocation: On
                 
                 	#define _MODEL_SMALL_
                 
                 	#pragma AVRPART ADMIN PART_NAME ATmega16A
                 	#pragma AVRPART MEMORY PROG_FLASH 16384
                 	#pragma AVRPART MEMORY EEPROM 512
                 	#pragma AVRPART MEMORY INT_SRAM SIZE 1024
                 	#pragma AVRPART MEMORY INT_SRAM START_ADDR 0x60
                 
                 	#define CALL_SUPPORTED 1
                 
                 	.LISTMAC
                 	.EQU UDRE=0x5
                 	.EQU RXC=0x7
                 	.EQU USR=0xB
                 	.EQU UDR=0xC
                 	.EQU SPSR=0xE
                 	.EQU SPDR=0xF
                 	.EQU EERE=0x0
                 	.EQU EEWE=0x1
                 	.EQU EEMWE=0x2
                 	.EQU EECR=0x1C
                 	.EQU EEDR=0x1D
                 	.EQU EEARL=0x1E
                 	.EQU EEARH=0x1F
                 	.EQU WDTCR=0x21
                 	.EQU MCUCR=0x35
                 	.EQU GICR=0x3B
                 	.EQU SPL=0x3D
                 	.EQU SPH=0x3E
                 	.EQU SREG=0x3F
                 
                 	.DEF R0X0=R0
                 	.DEF R0X1=R1
                 	.DEF R0X2=R2
                 	.DEF R0X3=R3
                 	.DEF R0X4=R4
                 	.DEF R0X5=R5
                 	.DEF R0X6=R6
                 	.DEF R0X7=R7
                 	.DEF R0X8=R8
                 	.DEF R0X9=R9
                 	.DEF R0XA=R10
                 	.DEF R0XB=R11
                 	.DEF R0XC=R12
                 	.DEF R0XD=R13
                 	.DEF R0XE=R14
                 	.DEF R0XF=R15
                 	.DEF R0X10=R16
                 	.DEF R0X11=R17
                 	.DEF R0X12=R18
                 	.DEF R0X13=R19
                 	.DEF R0X14=R20
                 	.DEF R0X15=R21
                 	.DEF R0X16=R22
                 	.DEF R0X17=R23
                 	.DEF R0X18=R24
                 	.DEF R0X19=R25
                 	.DEF R0X1A=R26
                 	.DEF R0X1B=R27
                 	.DEF R0X1C=R28
                 	.DEF R0X1D=R29
                 	.DEF R0X1E=R30
                 	.DEF R0X1F=R31
                 
                 	.EQU __SRAM_START=0x0060
                 	.EQU __SRAM_END=0x045F
                 	.EQU __DSTACK_SIZE=0x0100
                 	.EQU __HEAP_SIZE=0x0000
                 	.EQU __CLEAR_SRAM_SIZE=__SRAM_END-__SRAM_START+1
                 
                 	.MACRO __CPD1N
                 	CPI  R30,LOW(@0)
                 	LDI  R26,HIGH(@0)
                 	CPC  R31,R26
                 	LDI  R26,BYTE3(@0)
                 	CPC  R22,R26
                 	LDI  R26,BYTE4(@0)
                 	CPC  R23,R26
                 	.ENDM
                 
                 	.MACRO __CPD2N
                 	CPI  R26,LOW(@0)
                 	LDI  R30,HIGH(@0)
                 	CPC  R27,R30
                 	LDI  R30,BYTE3(@0)
                 	CPC  R24,R30
                 	LDI  R30,BYTE4(@0)
                 	CPC  R25,R30
                 	.ENDM
                 
                 	.MACRO __CPWRR
                 	CP   R@0,R@2
                 	CPC  R@1,R@3
                 	.ENDM
                 
                 	.MACRO __CPWRN
                 	CPI  R@0,LOW(@2)
                 	LDI  R30,HIGH(@2)
                 	CPC  R@1,R30
                 	.ENDM
                 
                 	.MACRO __ADDB1MN
                 	SUBI R30,LOW(-@0-(@1))
                 	.ENDM
                 
                 	.MACRO __ADDB2MN
                 	SUBI R26,LOW(-@0-(@1))
                 	.ENDM
                 
                 	.MACRO __ADDW1MN
                 	SUBI R30,LOW(-@0-(@1))
                 	SBCI R31,HIGH(-@0-(@1))
                 	.ENDM
                 
                 	.MACRO __ADDW2MN
                 	SUBI R26,LOW(-@0-(@1))
                 	SBCI R27,HIGH(-@0-(@1))
                 	.ENDM
                 
                 	.MACRO __ADDW1FN
                 	SUBI R30,LOW(-2*@0-(@1))
                 	SBCI R31,HIGH(-2*@0-(@1))
                 	.ENDM
                 
                 	.MACRO __ADDD1FN
                 	SUBI R30,LOW(-2*@0-(@1))
                 	SBCI R31,HIGH(-2*@0-(@1))
                 	SBCI R22,BYTE3(-2*@0-(@1))
                 	.ENDM
                 
                 	.MACRO __ADDD1N
                 	SUBI R30,LOW(-@0)
                 	SBCI R31,HIGH(-@0)
                 	SBCI R22,BYTE3(-@0)
                 	SBCI R23,BYTE4(-@0)
                 	.ENDM
                 
                 	.MACRO __ADDD2N
                 	SUBI R26,LOW(-@0)
                 	SBCI R27,HIGH(-@0)
                 	SBCI R24,BYTE3(-@0)
                 	SBCI R25,BYTE4(-@0)
                 	.ENDM
                 
                 	.MACRO __SUBD1N
                 	SUBI R30,LOW(@0)
                 	SBCI R31,HIGH(@0)
                 	SBCI R22,BYTE3(@0)
                 	SBCI R23,BYTE4(@0)
                 	.ENDM
                 
                 	.MACRO __SUBD2N
                 	SUBI R26,LOW(@0)
                 	SBCI R27,HIGH(@0)
                 	SBCI R24,BYTE3(@0)
                 	SBCI R25,BYTE4(@0)
                 	.ENDM
                 
                 	.MACRO __ANDBMNN
                 	LDS  R30,@0+(@1)
                 	ANDI R30,LOW(@2)
                 	STS  @0+(@1),R30
                 	.ENDM
                 
                 	.MACRO __ANDWMNN
                 	LDS  R30,@0+(@1)
                 	ANDI R30,LOW(@2)
                 	STS  @0+(@1),R30
                 	LDS  R30,@0+(@1)+1
                 	ANDI R30,HIGH(@2)
                 	STS  @0+(@1)+1,R30
                 	.ENDM
                 
                 	.MACRO __ANDD1N
                 	ANDI R30,LOW(@0)
                 	ANDI R31,HIGH(@0)
                 	ANDI R22,BYTE3(@0)
                 	ANDI R23,BYTE4(@0)
                 	.ENDM
                 
                 	.MACRO __ANDD2N
                 	ANDI R26,LOW(@0)
                 	ANDI R27,HIGH(@0)
                 	ANDI R24,BYTE3(@0)
                 	ANDI R25,BYTE4(@0)
                 	.ENDM
                 
                 	.MACRO __ORBMNN
                 	LDS  R30,@0+(@1)
                 	ORI  R30,LOW(@2)
                 	STS  @0+(@1),R30
                 	.ENDM
                 
                 	.MACRO __ORWMNN
                 	LDS  R30,@0+(@1)
                 	ORI  R30,LOW(@2)
                 	STS  @0+(@1),R30
                 	LDS  R30,@0+(@1)+1
                 	ORI  R30,HIGH(@2)
                 	STS  @0+(@1)+1,R30
                 	.ENDM
                 
                 	.MACRO __ORD1N
                 	ORI  R30,LOW(@0)
                 	ORI  R31,HIGH(@0)
                 	ORI  R22,BYTE3(@0)
                 	ORI  R23,BYTE4(@0)
                 	.ENDM
                 
                 	.MACRO __ORD2N
                 	ORI  R26,LOW(@0)
                 	ORI  R27,HIGH(@0)
                 	ORI  R24,BYTE3(@0)
                 	ORI  R25,BYTE4(@0)
                 	.ENDM
                 
                 	.MACRO __DELAY_USB
                 	LDI  R24,LOW(@0)
                 __DELAY_USB_LOOP:
                 	DEC  R24
                 	BRNE __DELAY_USB_LOOP
                 	.ENDM
                 
                 	.MACRO __DELAY_USW
                 	LDI  R24,LOW(@0)
                 	LDI  R25,HIGH(@0)
                 __DELAY_USW_LOOP:
                 	SBIW R24,1
                 	BRNE __DELAY_USW_LOOP
                 	.ENDM
                 
                 	.MACRO __GETD1S
                 	LDD  R30,Y+@0
                 	LDD  R31,Y+@0+1
                 	LDD  R22,Y+@0+2
                 	LDD  R23,Y+@0+3
                 	.ENDM
                 
                 	.MACRO __GETD2S
                 	LDD  R26,Y+@0
                 	LDD  R27,Y+@0+1
                 	LDD  R24,Y+@0+2
                 	LDD  R25,Y+@0+3
                 	.ENDM
                 
                 	.MACRO __PUTD1S
                 	STD  Y+@0,R30
                 	STD  Y+@0+1,R31
                 	STD  Y+@0+2,R22
                 	STD  Y+@0+3,R23
                 	.ENDM
                 
                 	.MACRO __PUTD2S
                 	STD  Y+@0,R26
                 	STD  Y+@0+1,R27
                 	STD  Y+@0+2,R24
                 	STD  Y+@0+3,R25
                 	.ENDM
                 
                 	.MACRO __PUTDZ2
                 	STD  Z+@0,R26
                 	STD  Z+@0+1,R27
                 	STD  Z+@0+2,R24
                 	STD  Z+@0+3,R25
                 	.ENDM
                 
                 	.MACRO __CLRD1S
                 	STD  Y+@0,R30
                 	STD  Y+@0+1,R30
                 	STD  Y+@0+2,R30
                 	STD  Y+@0+3,R30
                 	.ENDM
                 
                 	.MACRO __POINTB1MN
                 	LDI  R30,LOW(@0+(@1))
                 	.ENDM
                 
                 	.MACRO __POINTW1MN
                 	LDI  R30,LOW(@0+(@1))
                 	LDI  R31,HIGH(@0+(@1))
                 	.ENDM
                 
                 	.MACRO __POINTD1M
                 	LDI  R30,LOW(@0)
                 	LDI  R31,HIGH(@0)
                 	LDI  R22,BYTE3(@0)
                 	LDI  R23,BYTE4(@0)
                 	.ENDM
                 
                 	.MACRO __POINTW1FN
                 	LDI  R30,LOW(2*@0+(@1))
                 	LDI  R31,HIGH(2*@0+(@1))
                 	.ENDM
                 
                 	.MACRO __POINTD1FN
                 	LDI  R30,LOW(2*@0+(@1))
                 	LDI  R31,HIGH(2*@0+(@1))
                 	LDI  R22,BYTE3(2*@0+(@1))
                 	LDI  R23,BYTE4(2*@0+(@1))
                 	.ENDM
                 
                 	.MACRO __POINTB2MN
                 	LDI  R26,LOW(@0+(@1))
                 	.ENDM
                 
                 	.MACRO __POINTW2MN
                 	LDI  R26,LOW(@0+(@1))
                 	LDI  R27,HIGH(@0+(@1))
                 	.ENDM
                 
                 	.MACRO __POINTW2FN
                 	LDI  R26,LOW(2*@0+(@1))
                 	LDI  R27,HIGH(2*@0+(@1))
                 	.ENDM
                 
                 	.MACRO __POINTD2FN
                 	LDI  R26,LOW(2*@0+(@1))
                 	LDI  R27,HIGH(2*@0+(@1))
                 	LDI  R24,BYTE3(2*@0+(@1))
                 	LDI  R25,BYTE4(2*@0+(@1))
                 	.ENDM
                 
                 	.MACRO __POINTBRM
                 	LDI  R@0,LOW(@1)
                 	.ENDM
                 
                 	.MACRO __POINTWRM
                 	LDI  R@0,LOW(@2)
                 	LDI  R@1,HIGH(@2)
                 	.ENDM
                 
                 	.MACRO __POINTBRMN
                 	LDI  R@0,LOW(@1+(@2))
                 	.ENDM
                 
                 	.MACRO __POINTWRMN
                 	LDI  R@0,LOW(@2+(@3))
                 	LDI  R@1,HIGH(@2+(@3))
                 	.ENDM
                 
                 	.MACRO __POINTWRFN
                 	LDI  R@0,LOW(@2*2+(@3))
                 	LDI  R@1,HIGH(@2*2+(@3))
                 	.ENDM
                 
                 	.MACRO __GETD1N
                 	LDI  R30,LOW(@0)
                 	LDI  R31,HIGH(@0)
                 	LDI  R22,BYTE3(@0)
                 	LDI  R23,BYTE4(@0)
                 	.ENDM
                 
                 	.MACRO __GETD2N
                 	LDI  R26,LOW(@0)
                 	LDI  R27,HIGH(@0)
                 	LDI  R24,BYTE3(@0)
                 	LDI  R25,BYTE4(@0)
                 	.ENDM
                 
                 	.MACRO __GETB1MN
                 	LDS  R30,@0+(@1)
                 	.ENDM
                 
                 	.MACRO __GETB1HMN
                 	LDS  R31,@0+(@1)
                 	.ENDM
                 
                 	.MACRO __GETW1MN
                 	LDS  R30,@0+(@1)
                 	LDS  R31,@0+(@1)+1
                 	.ENDM
                 
                 	.MACRO __GETD1MN
                 	LDS  R30,@0+(@1)
                 	LDS  R31,@0+(@1)+1
                 	LDS  R22,@0+(@1)+2
                 	LDS  R23,@0+(@1)+3
                 	.ENDM
                 
                 	.MACRO __GETBRMN
                 	LDS  R@0,@1+(@2)
                 	.ENDM
                 
                 	.MACRO __GETWRMN
                 	LDS  R@0,@2+(@3)
                 	LDS  R@1,@2+(@3)+1
                 	.ENDM
                 
                 	.MACRO __GETWRZ
                 	LDD  R@0,Z+@2
                 	LDD  R@1,Z+@2+1
                 	.ENDM
                 
                 	.MACRO __GETD2Z
                 	LDD  R26,Z+@0
                 	LDD  R27,Z+@0+1
                 	LDD  R24,Z+@0+2
                 	LDD  R25,Z+@0+3
                 	.ENDM
                 
                 	.MACRO __GETB2MN
                 	LDS  R26,@0+(@1)
                 	.ENDM
                 
                 	.MACRO __GETW2MN
                 	LDS  R26,@0+(@1)
                 	LDS  R27,@0+(@1)+1
                 	.ENDM
                 
                 	.MACRO __GETD2MN
                 	LDS  R26,@0+(@1)
                 	LDS  R27,@0+(@1)+1
                 	LDS  R24,@0+(@1)+2
                 	LDS  R25,@0+(@1)+3
                 	.ENDM
                 
                 	.MACRO __PUTB1MN
                 	STS  @0+(@1),R30
                 	.ENDM
                 
                 	.MACRO __PUTW1MN
                 	STS  @0+(@1),R30
                 	STS  @0+(@1)+1,R31
                 	.ENDM
                 
                 	.MACRO __PUTD1MN
                 	STS  @0+(@1),R30
                 	STS  @0+(@1)+1,R31
                 	STS  @0+(@1)+2,R22
                 	STS  @0+(@1)+3,R23
                 	.ENDM
                 
                 	.MACRO __PUTB1EN
                 	LDI  R26,LOW(@0+(@1))
                 	LDI  R27,HIGH(@0+(@1))
                 	CALL __EEPROMWRB
                 	.ENDM
                 
                 	.MACRO __PUTW1EN
                 	LDI  R26,LOW(@0+(@1))
                 	LDI  R27,HIGH(@0+(@1))
                 	CALL __EEPROMWRW
                 	.ENDM
                 
                 	.MACRO __PUTD1EN
                 	LDI  R26,LOW(@0+(@1))
                 	LDI  R27,HIGH(@0+(@1))
                 	CALL __EEPROMWRD
                 	.ENDM
                 
                 	.MACRO __PUTBR0MN
                 	STS  @0+(@1),R0
                 	.ENDM
                 
                 	.MACRO __PUTBMRN
                 	STS  @0+(@1),R@2
                 	.ENDM
                 
                 	.MACRO __PUTWMRN
                 	STS  @0+(@1),R@2
                 	STS  @0+(@1)+1,R@3
                 	.ENDM
                 
                 	.MACRO __PUTBZR
                 	STD  Z+@1,R@0
                 	.ENDM
                 
                 	.MACRO __PUTWZR
                 	STD  Z+@2,R@0
                 	STD  Z+@2+1,R@1
                 	.ENDM
                 
                 	.MACRO __GETW1R
                 	MOV  R30,R@0
                 	MOV  R31,R@1
                 	.ENDM
                 
                 	.MACRO __GETW2R
                 	MOV  R26,R@0
                 	MOV  R27,R@1
                 	.ENDM
                 
                 	.MACRO __GETWRN
                 	LDI  R@0,LOW(@2)
                 	LDI  R@1,HIGH(@2)
                 	.ENDM
                 
                 	.MACRO __PUTW1R
                 	MOV  R@0,R30
                 	MOV  R@1,R31
                 	.ENDM
                 
                 	.MACRO __PUTW2R
                 	MOV  R@0,R26
                 	MOV  R@1,R27
                 	.ENDM
                 
                 	.MACRO __ADDWRN
                 	SUBI R@0,LOW(-@2)
                 	SBCI R@1,HIGH(-@2)
                 	.ENDM
                 
                 	.MACRO __ADDWRR
                 	ADD  R@0,R@2
                 	ADC  R@1,R@3
                 	.ENDM
                 
                 	.MACRO __SUBWRN
                 	SUBI R@0,LOW(@2)
                 	SBCI R@1,HIGH(@2)
                 	.ENDM
                 
                 	.MACRO __SUBWRR
                 	SUB  R@0,R@2
                 	SBC  R@1,R@3
                 	.ENDM
                 
                 	.MACRO __ANDWRN
                 	ANDI R@0,LOW(@2)
                 	ANDI R@1,HIGH(@2)
                 	.ENDM
                 
                 	.MACRO __ANDWRR
                 	AND  R@0,R@2
                 	AND  R@1,R@3
                 	.ENDM
                 
                 	.MACRO __ORWRN
                 	ORI  R@0,LOW(@2)
                 	ORI  R@1,HIGH(@2)
                 	.ENDM
                 
                 	.MACRO __ORWRR
                 	OR   R@0,R@2
                 	OR   R@1,R@3
                 	.ENDM
                 
                 	.MACRO __EORWRR
                 	EOR  R@0,R@2
                 	EOR  R@1,R@3
                 	.ENDM
                 
                 	.MACRO __GETWRS
                 	LDD  R@0,Y+@2
                 	LDD  R@1,Y+@2+1
                 	.ENDM
                 
                 	.MACRO __PUTBSR
                 	STD  Y+@1,R@0
                 	.ENDM
                 
                 	.MACRO __PUTWSR
                 	STD  Y+@2,R@0
                 	STD  Y+@2+1,R@1
                 	.ENDM
                 
                 	.MACRO __MOVEWRR
                 	MOV  R@0,R@2
                 	MOV  R@1,R@3
                 	.ENDM
                 
                 	.MACRO __INWR
                 	IN   R@0,@2
                 	IN   R@1,@2+1
                 	.ENDM
                 
                 	.MACRO __OUTWR
                 	OUT  @2+1,R@1
                 	OUT  @2,R@0
                 	.ENDM
                 
                 	.MACRO __CALL1MN
                 	LDS  R30,@0+(@1)
                 	LDS  R31,@0+(@1)+1
                 	ICALL
                 	.ENDM
                 
                 	.MACRO __CALL1FN
                 	LDI  R30,LOW(2*@0+(@1))
                 	LDI  R31,HIGH(2*@0+(@1))
                 	CALL __GETW1PF
                 	ICALL
                 	.ENDM
                 
                 	.MACRO __CALL2EN
                 	PUSH R26
                 	PUSH R27
                 	LDI  R26,LOW(@0+(@1))
                 	LDI  R27,HIGH(@0+(@1))
                 	CALL __EEPROMRDW
                 	POP  R27
                 	POP  R26
                 	ICALL
                 	.ENDM
                 
                 	.MACRO __CALL2EX
                 	SUBI R26,LOW(-@0)
                 	SBCI R27,HIGH(-@0)
                 	CALL __EEPROMRDD
                 	ICALL
                 	.ENDM
                 
                 	.MACRO __GETW1STACK
                 	IN   R30,SPL
                 	IN   R31,SPH
                 	ADIW R30,@0+1
                 	LD   R0,Z+
                 	LD   R31,Z
                 	MOV  R30,R0
                 	.ENDM
                 
                 	.MACRO __GETD1STACK
                 	IN   R30,SPL
                 	IN   R31,SPH
                 	ADIW R30,@0+1
                 	LD   R0,Z+
                 	LD   R1,Z+
                 	LD   R22,Z
                 	MOVW R30,R0
                 	.ENDM
                 
                 	.MACRO __NBST
                 	BST  R@0,@1
                 	IN   R30,SREG
                 	LDI  R31,0x40
                 	EOR  R30,R31
                 	OUT  SREG,R30
                 	.ENDM
                 
                 
                 	.MACRO __PUTB1SN
                 	LDD  R26,Y+@0
                 	LDD  R27,Y+@0+1
                 	SUBI R26,LOW(-@1)
                 	SBCI R27,HIGH(-@1)
                 	ST   X,R30
                 	.ENDM
                 
                 	.MACRO __PUTW1SN
                 	LDD  R26,Y+@0
                 	LDD  R27,Y+@0+1
                 	SUBI R26,LOW(-@1)
                 	SBCI R27,HIGH(-@1)
                 	ST   X+,R30
                 	ST   X,R31
                 	.ENDM
                 
                 	.MACRO __PUTD1SN
                 	LDD  R26,Y+@0
                 	LDD  R27,Y+@0+1
                 	SUBI R26,LOW(-@1)
                 	SBCI R27,HIGH(-@1)
                 	CALL __PUTDP1
                 	.ENDM
                 
                 	.MACRO __PUTB1SNS
                 	LDD  R26,Y+@0
                 	LDD  R27,Y+@0+1
                 	ADIW R26,@1
                 	ST   X,R30
                 	.ENDM
                 
                 	.MACRO __PUTW1SNS
                 	LDD  R26,Y+@0
                 	LDD  R27,Y+@0+1
                 	ADIW R26,@1
                 	ST   X+,R30
                 	ST   X,R31
                 	.ENDM
                 
                 	.MACRO __PUTD1SNS
                 	LDD  R26,Y+@0
                 	LDD  R27,Y+@0+1
                 	ADIW R26,@1
                 	CALL __PUTDP1
                 	.ENDM
                 
                 	.MACRO __PUTB1PMN
                 	LDS  R26,@0
                 	LDS  R27,@0+1
                 	SUBI R26,LOW(-@1)
                 	SBCI R27,HIGH(-@1)
                 	ST   X,R30
                 	.ENDM
                 
                 	.MACRO __PUTW1PMN
                 	LDS  R26,@0
                 	LDS  R27,@0+1
                 	SUBI R26,LOW(-@1)
                 	SBCI R27,HIGH(-@1)
                 	ST   X+,R30
                 	ST   X,R31
                 	.ENDM
                 
                 	.MACRO __PUTD1PMN
                 	LDS  R26,@0
                 	LDS  R27,@0+1
                 	SUBI R26,LOW(-@1)
                 	SBCI R27,HIGH(-@1)
                 	CALL __PUTDP1
                 	.ENDM
                 
                 	.MACRO __PUTB1PMNS
                 	LDS  R26,@0
                 	LDS  R27,@0+1
                 	ADIW R26,@1
                 	ST   X,R30
                 	.ENDM
                 
                 	.MACRO __PUTW1PMNS
                 	LDS  R26,@0
                 	LDS  R27,@0+1
                 	ADIW R26,@1
                 	ST   X+,R30
                 	ST   X,R31
                 	.ENDM
                 
                 	.MACRO __PUTD1PMNS
                 	LDS  R26,@0
                 	LDS  R27,@0+1
                 	ADIW R26,@1
                 	CALL __PUTDP1
                 	.ENDM
                 
                 	.MACRO __PUTB1RN
                 	MOVW R26,R@0
                 	SUBI R26,LOW(-@1)
                 	SBCI R27,HIGH(-@1)
                 	ST   X,R30
                 	.ENDM
                 
                 	.MACRO __PUTW1RN
                 	MOVW R26,R@0
                 	SUBI R26,LOW(-@1)
                 	SBCI R27,HIGH(-@1)
                 	ST   X+,R30
                 	ST   X,R31
                 	.ENDM
                 
                 	.MACRO __PUTD1RN
                 	MOVW R26,R@0
                 	SUBI R26,LOW(-@1)
                 	SBCI R27,HIGH(-@1)
                 	CALL __PUTDP1
                 	.ENDM
                 
                 	.MACRO __PUTB1RNS
                 	MOVW R26,R@0
                 	ADIW R26,@1
                 	ST   X,R30
                 	.ENDM
                 
                 	.MACRO __PUTW1RNS
                 	MOVW R26,R@0
                 	ADIW R26,@1
                 	ST   X+,R30
                 	ST   X,R31
                 	.ENDM
                 
                 	.MACRO __PUTD1RNS
                 	MOVW R26,R@0
                 	ADIW R26,@1
                 	CALL __PUTDP1
                 	.ENDM
                 
                 	.MACRO __PUTB1RON
                 	MOV  R26,R@0
                 	MOV  R27,R@1
                 	SUBI R26,LOW(-@2)
                 	SBCI R27,HIGH(-@2)
                 	ST   X,R30
                 	.ENDM
                 
                 	.MACRO __PUTW1RON
                 	MOV  R26,R@0
                 	MOV  R27,R@1
                 	SUBI R26,LOW(-@2)
                 	SBCI R27,HIGH(-@2)
                 	ST   X+,R30
                 	ST   X,R31
                 	.ENDM
                 
                 	.MACRO __PUTD1RON
                 	MOV  R26,R@0
                 	MOV  R27,R@1
                 	SUBI R26,LOW(-@2)
                 	SBCI R27,HIGH(-@2)
                 	CALL __PUTDP1
                 	.ENDM
                 
                 	.MACRO __PUTB1RONS
                 	MOV  R26,R@0
                 	MOV  R27,R@1
                 	ADIW R26,@2
                 	ST   X,R30
                 	.ENDM
                 
                 	.MACRO __PUTW1RONS
                 	MOV  R26,R@0
                 	MOV  R27,R@1
                 	ADIW R26,@2
                 	ST   X+,R30
                 	ST   X,R31
                 	.ENDM
                 
                 	.MACRO __PUTD1RONS
                 	MOV  R26,R@0
                 	MOV  R27,R@1
                 	ADIW R26,@2
                 	CALL __PUTDP1
                 	.ENDM
                 
                 
                 	.MACRO __GETB1SX
                 	MOVW R30,R28
                 	SUBI R30,LOW(-@0)
                 	SBCI R31,HIGH(-@0)
                 	LD   R30,Z
                 	.ENDM
                 
                 	.MACRO __GETB1HSX
                 	MOVW R30,R28
                 	SUBI R30,LOW(-@0)
                 	SBCI R31,HIGH(-@0)
                 	LD   R31,Z
                 	.ENDM
                 
                 	.MACRO __GETW1SX
                 	MOVW R30,R28
                 	SUBI R30,LOW(-@0)
                 	SBCI R31,HIGH(-@0)
                 	LD   R0,Z+
                 	LD   R31,Z
                 	MOV  R30,R0
                 	.ENDM
                 
                 	.MACRO __GETD1SX
                 	MOVW R30,R28
                 	SUBI R30,LOW(-@0)
                 	SBCI R31,HIGH(-@0)
                 	LD   R0,Z+
                 	LD   R1,Z+
                 	LD   R22,Z+
                 	LD   R23,Z
                 	MOVW R30,R0
                 	.ENDM
                 
                 	.MACRO __GETB2SX
                 	MOVW R26,R28
                 	SUBI R26,LOW(-@0)
                 	SBCI R27,HIGH(-@0)
                 	LD   R26,X
                 	.ENDM
                 
                 	.MACRO __GETW2SX
                 	MOVW R26,R28
                 	SUBI R26,LOW(-@0)
                 	SBCI R27,HIGH(-@0)
                 	LD   R0,X+
                 	LD   R27,X
                 	MOV  R26,R0
                 	.ENDM
                 
                 	.MACRO __GETD2SX
                 	MOVW R26,R28
                 	SUBI R26,LOW(-@0)
                 	SBCI R27,HIGH(-@0)
                 	LD   R0,X+
                 	LD   R1,X+
                 	LD   R24,X+
                 	LD   R25,X
                 	MOVW R26,R0
                 	.ENDM
                 
                 	.MACRO __GETBRSX
                 	MOVW R30,R28
                 	SUBI R30,LOW(-@1)
                 	SBCI R31,HIGH(-@1)
                 	LD   R@0,Z
                 	.ENDM
                 
                 	.MACRO __GETWRSX
                 	MOVW R30,R28
                 	SUBI R30,LOW(-@2)
                 	SBCI R31,HIGH(-@2)
                 	LD   R@0,Z+
                 	LD   R@1,Z
                 	.ENDM
                 
                 	.MACRO __GETBRSX2
                 	MOVW R26,R28
                 	SUBI R26,LOW(-@1)
                 	SBCI R27,HIGH(-@1)
                 	LD   R@0,X
                 	.ENDM
                 
                 	.MACRO __GETWRSX2
                 	MOVW R26,R28
                 	SUBI R26,LOW(-@2)
                 	SBCI R27,HIGH(-@2)
                 	LD   R@0,X+
                 	LD   R@1,X
                 	.ENDM
                 
                 	.MACRO __LSLW8SX
                 	MOVW R30,R28
                 	SUBI R30,LOW(-@0)
                 	SBCI R31,HIGH(-@0)
                 	LD   R31,Z
                 	CLR  R30
                 	.ENDM
                 
                 	.MACRO __PUTB1SX
                 	MOVW R26,R28
                 	SUBI R26,LOW(-@0)
                 	SBCI R27,HIGH(-@0)
                 	ST   X,R30
                 	.ENDM
                 
                 	.MACRO __PUTW1SX
                 	MOVW R26,R28
                 	SUBI R26,LOW(-@0)
                 	SBCI R27,HIGH(-@0)
                 	ST   X+,R30
                 	ST   X,R31
                 	.ENDM
                 
                 	.MACRO __PUTD1SX
                 	MOVW R26,R28
                 	SUBI R26,LOW(-@0)
                 	SBCI R27,HIGH(-@0)
                 	ST   X+,R30
                 	ST   X+,R31
                 	ST   X+,R22
                 	ST   X,R23
                 	.ENDM
                 
                 	.MACRO __CLRW1SX
                 	MOVW R26,R28
                 	SUBI R26,LOW(-@0)
                 	SBCI R27,HIGH(-@0)
                 	ST   X+,R30
                 	ST   X,R30
                 	.ENDM
                 
                 	.MACRO __CLRD1SX
                 	MOVW R26,R28
                 	SUBI R26,LOW(-@0)
                 	SBCI R27,HIGH(-@0)
                 	ST   X+,R30
                 	ST   X+,R30
                 	ST   X+,R30
                 	ST   X,R30
                 	.ENDM
                 
                 	.MACRO __PUTB2SX
                 	MOVW R30,R28
                 	SUBI R30,LOW(-@0)
                 	SBCI R31,HIGH(-@0)
                 	ST   Z,R26
                 	.ENDM
                 
                 	.MACRO __PUTW2SX
                 	MOVW R30,R28
                 	SUBI R30,LOW(-@0)
                 	SBCI R31,HIGH(-@0)
                 	ST   Z+,R26
                 	ST   Z,R27
                 	.ENDM
                 
                 	.MACRO __PUTD2SX
                 	MOVW R30,R28
                 	SUBI R30,LOW(-@0)
                 	SBCI R31,HIGH(-@0)
                 	ST   Z+,R26
                 	ST   Z+,R27
                 	ST   Z+,R24
                 	ST   Z,R25
                 	.ENDM
                 
                 	.MACRO __PUTBSRX
                 	MOVW R30,R28
                 	SUBI R30,LOW(-@1)
                 	SBCI R31,HIGH(-@1)
                 	ST   Z,R@0
                 	.ENDM
                 
                 	.MACRO __PUTWSRX
                 	MOVW R30,R28
                 	SUBI R30,LOW(-@2)
                 	SBCI R31,HIGH(-@2)
                 	ST   Z+,R@0
                 	ST   Z,R@1
                 	.ENDM
                 
                 	.MACRO __PUTB1SNX
                 	MOVW R26,R28
                 	SUBI R26,LOW(-@0)
                 	SBCI R27,HIGH(-@0)
                 	LD   R0,X+
                 	LD   R27,X
                 	MOV  R26,R0
                 	SUBI R26,LOW(-@1)
                 	SBCI R27,HIGH(-@1)
                 	ST   X,R30
                 	.ENDM
                 
                 	.MACRO __PUTW1SNX
                 	MOVW R26,R28
                 	SUBI R26,LOW(-@0)
                 	SBCI R27,HIGH(-@0)
                 	LD   R0,X+
                 	LD   R27,X
                 	MOV  R26,R0
                 	SUBI R26,LOW(-@1)
                 	SBCI R27,HIGH(-@1)
                 	ST   X+,R30
                 	ST   X,R31
                 	.ENDM
                 
                 	.MACRO __PUTD1SNX
                 	MOVW R26,R28
                 	SUBI R26,LOW(-@0)
                 	SBCI R27,HIGH(-@0)
                 	LD   R0,X+
                 	LD   R27,X
                 	MOV  R26,R0
                 	SUBI R26,LOW(-@1)
                 	SBCI R27,HIGH(-@1)
                 	ST   X+,R30
                 	ST   X+,R31
                 	ST   X+,R22
                 	ST   X,R23
                 	.ENDM
                 
                 	.MACRO __MULBRR
                 	MULS R@0,R@1
                 	MOVW R30,R0
                 	.ENDM
                 
                 	.MACRO __MULBRRU
                 	MUL  R@0,R@1
                 	MOVW R30,R0
                 	.ENDM
                 
                 	.MACRO __MULBRR0
                 	MULS R@0,R@1
                 	.ENDM
                 
                 	.MACRO __MULBRRU0
                 	MUL  R@0,R@1
                 	.ENDM
                 
                 	.MACRO __MULBNWRU
                 	LDI  R26,@2
                 	MUL  R26,R@0
                 	MOVW R30,R0
                 	MUL  R26,R@1
                 	ADD  R31,R0
                 	.ENDM
                 
                 ;NAME DEFINITIONS FOR GLOBAL VARIABLES ALLOCATED TO REGISTERS
                 	.DEF _shifter=R4
                 	.DEF _shifter_msb=R5
                 	.DEF _data=R7
                 	.DEF _h=R6
                 	.DEF _m=R9
                 	.DEF _s=R8
                 	.DEF _TIM0_counter=R10
                 	.DEF _TIM0_counter_msb=R11
                 	.DEF _blink=R13
                 
                 	.CSEG
                 	.ORG 0x00
                 
                 ;START OF CODE MARKER
                 __START_OF_CODE:
                 
                 ;INTERRUPT VECTORS
000000 940c 0044 	JMP  __RESET
000002 940c 0000 	JMP  0x00
000004 940c 0000 	JMP  0x00
000006 940c 0000 	JMP  0x00
000008 940c 0000 	JMP  0x00
00000a 940c 0000 	JMP  0x00
00000c 940c 0000 	JMP  0x00
00000e 940c 0000 	JMP  0x00
000010 940c 0000 	JMP  0x00
000012 940c 0071 	JMP  _TIM1
000014 940c 0000 	JMP  0x00
000016 940c 0000 	JMP  0x00
000018 940c 0000 	JMP  0x00
00001a 940c 0000 	JMP  0x00
00001c 940c 0000 	JMP  0x00
00001e 940c 0000 	JMP  0x00
000020 940c 0000 	JMP  0x00
000022 940c 0000 	JMP  0x00
000024 940c 0000 	JMP  0x00
000026 940c 0000 	JMP  0x00
000028 940c 0000 	JMP  0x00
                 
                 _tbl10_G100:
00002a 2710
00002b 03e8
00002c 0064
00002d 000a      	.DB  0x10,0x27,0xE8,0x3,0x64,0x0,0xA,0x0
00002e 0001      	.DB  0x1,0x0
                 _tbl16_G100:
00002f 1000
000030 0100
000031 0010
000032 0001      	.DB  0x0,0x10,0x0,0x1,0x10,0x0,0x1,0x0
                 
                 ;GLOBAL REGISTER VARIABLES INITIALIZATION
                 __REG_VARS:
000033 0001
000034 020c      	.DB  0x1,0x0,0xC,0x2
000035 1138
000036 0000      	.DB  0x38,0x11,0x0,0x0
000037 0000      	.DB  0x0,0x0
                 
                 _0x3:
000038 063f
000039 4f5b
00003a 6d66
00003b 077d      	.DB  0x3F,0x6,0x5B,0x4F,0x66,0x6D,0x7D,0x7
00003c 6f7f      	.DB  0x7F,0x6F
                 
                 __GLOBAL_INI_TBL:
00003d 000a      	.DW  0x0A
00003e 0004      	.DW  0x04
00003f 0066      	.DW  __REG_VARS*2
                 
000040 000a      	.DW  0x0A
000041 0160      	.DW  __7segDataCC
000042 0070      	.DW  _0x3*2
                 
                 _0xFFFFFFFF:
000043 0000      	.DW  0
                 
                 #define __GLOBAL_INI_TBL_PRESENT 1
                 
                 __RESET:
000044 94f8      	CLI
000045 27ee      	CLR  R30
000046 bbec      	OUT  EECR,R30
                 
                 ;INTERRUPT VECTORS ARE PLACED
                 ;AT THE START OF FLASH
000047 e0f1      	LDI  R31,1
000048 bffb      	OUT  GICR,R31
000049 bfeb      	OUT  GICR,R30
00004a bfe5      	OUT  MCUCR,R30
                 
                 ;CLEAR R2-R14
00004b e08d      	LDI  R24,(14-2)+1
00004c e0a2      	LDI  R26,2
00004d 27bb      	CLR  R27
                 __CLEAR_REG:
00004e 93ed      	ST   X+,R30
00004f 958a      	DEC  R24
000050 f7e9      	BRNE __CLEAR_REG
                 
                 ;CLEAR SRAM
000051 e080      	LDI  R24,LOW(__CLEAR_SRAM_SIZE)
000052 e094      	LDI  R25,HIGH(__CLEAR_SRAM_SIZE)
000053 e6a0      	LDI  R26,__SRAM_START
                 __CLEAR_SRAM:
000054 93ed      	ST   X+,R30
000055 9701      	SBIW R24,1
000056 f7e9      	BRNE __CLEAR_SRAM
                 
                 ;GLOBAL VARIABLES INITIALIZATION
000057 e7ea      	LDI  R30,LOW(__GLOBAL_INI_TBL*2)
000058 e0f0      	LDI  R31,HIGH(__GLOBAL_INI_TBL*2)
                 __GLOBAL_INI_NEXT:
000059 9185      	LPM  R24,Z+
00005a 9195      	LPM  R25,Z+
00005b 9700      	SBIW R24,0
00005c f061      	BREQ __GLOBAL_INI_END
00005d 91a5      	LPM  R26,Z+
00005e 91b5      	LPM  R27,Z+
00005f 9005      	LPM  R0,Z+
000060 9015      	LPM  R1,Z+
000061 01bf      	MOVW R22,R30
000062 01f0      	MOVW R30,R0
                 __GLOBAL_INI_LOOP:
000063 9005      	LPM  R0,Z+
000064 920d      	ST   X+,R0
000065 9701      	SBIW R24,1
000066 f7e1      	BRNE __GLOBAL_INI_LOOP
000067 01fb      	MOVW R30,R22
000068 cff0      	RJMP __GLOBAL_INI_NEXT
                 __GLOBAL_INI_END:
                 
                 ;HARDWARE STACK POINTER INITIALIZATION
000069 e5ef      	LDI  R30,LOW(__SRAM_END-__HEAP_SIZE)
00006a bfed      	OUT  SPL,R30
00006b e0e4      	LDI  R30,HIGH(__SRAM_END-__HEAP_SIZE)
00006c bfee      	OUT  SPH,R30
                 
                 ;DATA STACK POINTER INITIALIZATION
00006d e6c0      	LDI  R28,LOW(__SRAM_START+__DSTACK_SIZE)
00006e e0d1      	LDI  R29,HIGH(__SRAM_START+__DSTACK_SIZE)
                 
00006f 940c 00b9 	JMP  _main
                 
                 	.ESEG
                 	.ORG 0
                 
                 	.DSEG
                 	.ORG 0x160
                 
                 	.CSEG
                 ;/*
                 ; * clock.c
                 ; *
                 ; * Created: 7/24/2025 6:45:47 PM
                 ; * Author: Asus
                 ; */
                 ;
                 ;#include <io.h>
                 	#ifndef __SLEEP_DEFINED__
                 	#define __SLEEP_DEFINED__
                 	.EQU __se_bit=0x40
                 	.EQU __sm_mask=0xB0
                 	.EQU __sm_powerdown=0x20
                 	.EQU __sm_powersave=0x30
                 	.EQU __sm_standby=0xA0
                 	.EQU __sm_ext_standby=0xB0
                 	.EQU __sm_adc_noise_red=0x10
                 	.SET power_ctrl_reg=mcucr
                 	#endif
                 ;#include <stdint.h>
                 ;#include <stdio.h>
                 ;#include <delay.h>
                 ;
                 ;uint16_t shifter=1;
                 ;uint8_t data=2;
                 ;uint8_t h=12,m=17,s=56;
                 ;uint16_t TIM0_counter=0;
                 ;uint8_t blink=0;
                 ;uint8_t _7segDataCC[10]={0x3f,0x06,0x5b,0x4f,0x66,0x6d,0x7d,0x07,0x7f,0x6f};
                 
                 	.DSEG
                 ;void Extract(void);
                 ;interrupt [10] void TIM1 (void)
                 ; 0000 0015 {
                 
                 	.CSEG
                 _TIM1:
                 ; .FSTART _TIM1
000071 920a      	ST   -Y,R0
000072 921a      	ST   -Y,R1
000073 92fa      	ST   -Y,R15
000074 936a      	ST   -Y,R22
000075 937a      	ST   -Y,R23
000076 938a      	ST   -Y,R24
000077 939a      	ST   -Y,R25
000078 93aa      	ST   -Y,R26
000079 93ba      	ST   -Y,R27
00007a 93ea      	ST   -Y,R30
00007b 93fa      	ST   -Y,R31
00007c b7ef      	IN   R30,SREG
00007d 93ea      	ST   -Y,R30
                 ; 0000 0016    TCNT0=0x83;
00007e e8e3      	LDI  R30,LOW(131)
00007f bfe2      	OUT  0x32,R30
                 ; 0000 0017    PORTB=~shifter;
000080 2de4      	MOV  R30,R4
000081 95e0      	COM  R30
000082 bbe8      	OUT  0x18,R30
                 ; 0000 0018    Extract();
000083 d044      	RCALL _Extract
                 ; 0000 0019    shifter=(shifter*2);
000084 0c44      	LSL  R4
000085 1c55      	ROL  R5
                 ; 0000 001A    if(shifter>32)
000086 940e 013d 	CALL SUBOPT_0x0
000088 f418      	BRSH _0x4
                 ; 0000 001B       shifter=1;
000089 e0e1      	LDI  R30,LOW(1)
00008a e0f0      	LDI  R31,HIGH(1)
00008b 012f      	MOVW R4,R30
                 ; 0000 001C    TIM0_counter++;
                 _0x4:
00008c 01f5      	MOVW R30,R10
00008d 9631      	ADIW R30,1
00008e 015f      	MOVW R10,R30
                 ; 0000 001D    if(TIM0_counter>1000)
00008f eee8      	LDI  R30,LOW(1000)
000090 e0f3      	LDI  R31,HIGH(1000)
000091 15ea      	CP   R30,R10
000092 05fb      	CPC  R31,R11
000093 f4b8      	BRSH _0x5
                 ; 0000 001E    {
                 ; 0000 001F     TIM0_counter=0;
000094 24aa      	CLR  R10
000095 24bb      	CLR  R11
                 ; 0000 0020     if(blink==1)
000096 e0e1      	LDI  R30,LOW(1)
000097 15ed      	CP   R30,R13
000098 f411      	BRNE _0x6
                 ; 0000 0021     {
                 ; 0000 0022        blink=0;
000099 24dd      	CLR  R13
                 ; 0000 0023     }
                 ; 0000 0024     else
00009a c002      	RJMP _0x7
                 _0x6:
                 ; 0000 0025     {
                 ; 0000 0026         blink=1;
00009b e0e1      	LDI  R30,LOW(1)
00009c 2ede      	MOV  R13,R30
                 ; 0000 0027     }
                 _0x7:
                 ; 0000 0028     s++;
00009d 9483      	INC  R8
                 ; 0000 0029     if(s>59)
00009e e3eb      	LDI  R30,LOW(59)
00009f 15e8      	CP   R30,R8
0000a0 f450      	BRSH _0x8
                 ; 0000 002A     {
                 ; 0000 002B         s=0;
0000a1 2488      	CLR  R8
                 ; 0000 002C         m++;
0000a2 9493      	INC  R9
                 ; 0000 002D         if(m>59)
0000a3 15e9      	CP   R30,R9
0000a4 f430      	BRSH _0x9
                 ; 0000 002E         {
                 ; 0000 002F             m=0;
0000a5 2499      	CLR  R9
                 ; 0000 0030             h++;
0000a6 9463      	INC  R6
                 ; 0000 0031             if(h>23)
0000a7 e1e7      	LDI  R30,LOW(23)
0000a8 15e6      	CP   R30,R6
0000a9 f408      	BRSH _0xA
                 ; 0000 0032             {
                 ; 0000 0033                 h=0;
0000aa 2466      	CLR  R6
                 ; 0000 0034             }
                 ; 0000 0035         }
                 _0xA:
                 ; 0000 0036     }
                 _0x9:
                 ; 0000 0037    }
                 _0x8:
                 ; 0000 0038 
                 ; 0000 0039 }
                 _0x5:
0000ab 91e9      	LD   R30,Y+
0000ac bfef      	OUT  SREG,R30
0000ad 91f9      	LD   R31,Y+
0000ae 91e9      	LD   R30,Y+
0000af 91b9      	LD   R27,Y+
0000b0 91a9      	LD   R26,Y+
0000b1 9199      	LD   R25,Y+
0000b2 9189      	LD   R24,Y+
0000b3 9179      	LD   R23,Y+
0000b4 9169      	LD   R22,Y+
0000b5 90f9      	LD   R15,Y+
0000b6 9019      	LD   R1,Y+
0000b7 9009      	LD   R0,Y+
0000b8 9518      	RETI
                 ; .FEND
                 ;void main(void)
                 ; 0000 003B {
                 _main:
                 ; .FSTART _main
                 ; 0000 003C // Timer/Counter 0 initialization
                 ; 0000 003D // Clock source: System Clock
                 ; 0000 003E // Clock value: 125.000 kHz
                 ; 0000 003F // Mode: Normal top=0xFF
                 ; 0000 0040 // OC0 output: Disconnected
                 ; 0000 0041 // Timer Period: 1 ms
                 ; 0000 0042 TCCR0=(0<<WGM00) | (0<<COM01) | (0<<COM00) | (0<<WGM01) | (0<<CS02) | (1<<CS01) | (1<<CS00);
0000b9 e0e3      	LDI  R30,LOW(3)
0000ba bfe3      	OUT  0x33,R30
                 ; 0000 0043 TCNT0=0x83;
0000bb e8e3      	LDI  R30,LOW(131)
0000bc bfe2      	OUT  0x32,R30
                 ; 0000 0044 OCR0=0x00;
0000bd e0e0      	LDI  R30,LOW(0)
0000be bfec      	OUT  0x3C,R30
                 ; 0000 0045 // Timer(s)/Counter(s) Interrupt(s) initialization
                 ; 0000 0046 TIMSK=(0<<OCIE2) | (0<<TOIE2) | (0<<TICIE1) | (0<<OCIE1A) | (0<<OCIE1B) | (0<<TOIE1) | (0<<OCIE0) | (1<<TOIE0);
0000bf e0e1      	LDI  R30,LOW(1)
0000c0 bfe9      	OUT  0x39,R30
                 ; 0000 0047 PORTB=1;
0000c1 bbe8      	OUT  0x18,R30
                 ; 0000 0048 DDRA=255;
0000c2 efef      	LDI  R30,LOW(255)
0000c3 bbea      	OUT  0x1A,R30
                 ; 0000 0049 DDRB=255;
0000c4 bbe7      	OUT  0x17,R30
                 ; 0000 004A #asm("SEI")
0000c5 9478      	SEI
                 ; 0000 004B while (1)
                 _0xB:
                 ; 0000 004C     {
                 ; 0000 004D     // Please write your application code here
                 ; 0000 004E 
                 ; 0000 004F     }
0000c6 cfff      	RJMP _0xB
                 ; 0000 0050 }
                 _0xE:
0000c7 cfff      	RJMP _0xE
                 ; .FEND
                 ;
                 ;
                 ;
                 ;void Extract(void)
                 ; 0000 0055 {
                 _Extract:
                 ; .FSTART _Extract
                 ; 0000 0056     if(blink==1)
0000c8 e0e1      	LDI  R30,LOW(1)
0000c9 15ed      	CP   R30,R13
0000ca f5e1      	BRNE _0xF
                 ; 0000 0057     {
                 ; 0000 0058         if(shifter==1)
0000cb e0e1      	LDI  R30,LOW(1)
0000cc e0f0      	LDI  R31,HIGH(1)
0000cd 15e4      	CP   R30,R4
0000ce 05f5      	CPC  R31,R5
0000cf f419      	BRNE _0x10
                 ; 0000 0059             PORTA=_7segDataCC[s%10];
0000d0 940e 0142 	CALL SUBOPT_0x1
0000d2 c02f      	RJMP _0x28
                 ; 0000 005A         else if(shifter==2)
                 _0x10:
0000d3 e0e2      	LDI  R30,LOW(2)
0000d4 e0f0      	LDI  R31,HIGH(2)
0000d5 15e4      	CP   R30,R4
0000d6 05f5      	CPC  R31,R5
0000d7 f411      	BRNE _0x12
                 ; 0000 005B             PORTA=_7segDataCC[s/10];
0000d8 2da8      	MOV  R26,R8
0000d9 c023      	RJMP _0x29
                 ; 0000 005C         else if(shifter==4)
                 _0x12:
0000da e0e4      	LDI  R30,LOW(4)
0000db e0f0      	LDI  R31,HIGH(4)
0000dc 15e4      	CP   R30,R4
0000dd 05f5      	CPC  R31,R5
0000de f439      	BRNE _0x14
                 ; 0000 005D             PORTA=_7segDataCC[m%10]+128;
0000df 940e 0149 	CALL SUBOPT_0x2
0000e1 5ae0      	SUBI R30,LOW(-__7segDataCC)
0000e2 4ffe      	SBCI R31,HIGH(-__7segDataCC)
0000e3 81e0      	LD   R30,Z
0000e4 58e0      	SUBI R30,-LOW(128)
0000e5 c01f      	RJMP _0x2A
                 ; 0000 005E         else if(shifter==8)
                 _0x14:
0000e6 e0e8      	LDI  R30,LOW(8)
0000e7 e0f0      	LDI  R31,HIGH(8)
0000e8 15e4      	CP   R30,R4
0000e9 05f5      	CPC  R31,R5
0000ea f411      	BRNE _0x16
                 ; 0000 005F             PORTA=_7segDataCC[m/10];
0000eb 2da9      	MOV  R26,R9
0000ec c010      	RJMP _0x29
                 ; 0000 0060         else if(shifter==16)
                 _0x16:
0000ed e1e0      	LDI  R30,LOW(16)
0000ee e0f0      	LDI  R31,HIGH(16)
0000ef 15e4      	CP   R30,R4
0000f0 05f5      	CPC  R31,R5
0000f1 f439      	BRNE _0x18
                 ; 0000 0061             PORTA=_7segDataCC[h%10]+128;
0000f2 940e 0150 	CALL SUBOPT_0x3
0000f4 5ae0      	SUBI R30,LOW(-__7segDataCC)
0000f5 4ffe      	SBCI R31,HIGH(-__7segDataCC)
0000f6 81e0      	LD   R30,Z
0000f7 58e0      	SUBI R30,-LOW(128)
0000f8 c00c      	RJMP _0x2A
                 ; 0000 0062         else if(shifter==32)
                 _0x18:
0000f9 940e 013d 	CALL SUBOPT_0x0
0000fb f451      	BRNE _0x1A
                 ; 0000 0063             PORTA=_7segDataCC[h/10];
0000fc 2da6      	MOV  R26,R6
                 _0x29:
0000fd e0b0      	LDI  R27,0
0000fe e0ea      	LDI  R30,LOW(10)
0000ff e0f0      	LDI  R31,HIGH(10)
000100 940e 016e 	CALL __DIVW21
                 _0x28:
000102 5ae0      	SUBI R30,LOW(-__7segDataCC)
000103 4ffe      	SBCI R31,HIGH(-__7segDataCC)
000104 81e0      	LD   R30,Z
                 _0x2A:
000105 bbeb      	OUT  0x1B,R30
                 ; 0000 0064     }
                 _0x1A:
                 ; 0000 0065     else if(blink==0)
000106 c035      	RJMP _0x1B
                 _0xF:
000107 20dd      	TST  R13
000108 f599      	BRNE _0x1C
                 ; 0000 0066     {
                 ; 0000 0067         if(shifter==1)
000109 e0e1      	LDI  R30,LOW(1)
00010a e0f0      	LDI  R31,HIGH(1)
00010b 15e4      	CP   R30,R4
00010c 05f5      	CPC  R31,R5
00010d f419      	BRNE _0x1D
                 ; 0000 0068             PORTA=_7segDataCC[s%10];
00010e 940e 0142 	CALL SUBOPT_0x1
000110 c027      	RJMP _0x2B
                 ; 0000 0069         else if(shifter==2)
                 _0x1D:
000111 e0e2      	LDI  R30,LOW(2)
000112 e0f0      	LDI  R31,HIGH(2)
000113 15e4      	CP   R30,R4
000114 05f5      	CPC  R31,R5
000115 f411      	BRNE _0x1F
                 ; 0000 006A             PORTA=_7segDataCC[s/10];
000116 2da8      	MOV  R26,R8
000117 c01b      	RJMP _0x2C
                 ; 0000 006B         else if(shifter==4)
                 _0x1F:
000118 e0e4      	LDI  R30,LOW(4)
000119 e0f0      	LDI  R31,HIGH(4)
00011a 15e4      	CP   R30,R4
00011b 05f5      	CPC  R31,R5
00011c f419      	BRNE _0x21
                 ; 0000 006C             PORTA=_7segDataCC[m%10];
00011d 940e 0149 	CALL SUBOPT_0x2
00011f c018      	RJMP _0x2B
                 ; 0000 006D         else if(shifter==8)
                 _0x21:
000120 e0e8      	LDI  R30,LOW(8)
000121 e0f0      	LDI  R31,HIGH(8)
000122 15e4      	CP   R30,R4
000123 05f5      	CPC  R31,R5
000124 f411      	BRNE _0x23
                 ; 0000 006E             PORTA=_7segDataCC[m/10];
000125 2da9      	MOV  R26,R9
000126 c00c      	RJMP _0x2C
                 ; 0000 006F         else if(shifter==16)
                 _0x23:
000127 e1e0      	LDI  R30,LOW(16)
000128 e0f0      	LDI  R31,HIGH(16)
000129 15e4      	CP   R30,R4
00012a 05f5      	CPC  R31,R5
00012b f419      	BRNE _0x25
                 ; 0000 0070             PORTA=_7segDataCC[h%10];
00012c 940e 0150 	CALL SUBOPT_0x3
00012e c009      	RJMP _0x2B
                 ; 0000 0071         else if(shifter==32)
                 _0x25:
00012f 940e 013d 	CALL SUBOPT_0x0
000131 f451      	BRNE _0x27
                 ; 0000 0072             PORTA=_7segDataCC[h/10];
000132 2da6      	MOV  R26,R6
                 _0x2C:
000133 e0b0      	LDI  R27,0
000134 e0ea      	LDI  R30,LOW(10)
000135 e0f0      	LDI  R31,HIGH(10)
000136 940e 016e 	CALL __DIVW21
                 _0x2B:
000138 5ae0      	SUBI R30,LOW(-__7segDataCC)
000139 4ffe      	SBCI R31,HIGH(-__7segDataCC)
00013a 81e0      	LD   R30,Z
00013b bbeb      	OUT  0x1B,R30
                 ; 0000 0073     }
                 _0x27:
                 ; 0000 0074 }
                 _0x1C:
                 _0x1B:
00013c 9508      	RET
                 ; .FEND
                 	#ifndef __SLEEP_DEFINED__
                 	#endif
                 
                 	.CSEG
                 
                 	.CSEG
                 
                 	.CSEG
                 
                 	.DSEG
                 __7segDataCC:
000160           	.BYTE 0xA
                 
                 	.CSEG
                 ;OPTIMIZER ADDED SUBROUTINE, CALLED 3 TIMES, CODE SIZE REDUCTION:1 WORDS
                 SUBOPT_0x0:
00013d e2e0      	LDI  R30,LOW(32)
00013e e0f0      	LDI  R31,HIGH(32)
00013f 15e4      	CP   R30,R4
000140 05f5      	CPC  R31,R5
000141 9508      	RET
                 
                 ;OPTIMIZER ADDED SUBROUTINE, CALLED 2 TIMES, CODE SIZE REDUCTION:1 WORDS
                 SUBOPT_0x1:
000142 2da8      	MOV  R26,R8
000143 27bb      	CLR  R27
000144 e0ea      	LDI  R30,LOW(10)
000145 e0f0      	LDI  R31,HIGH(10)
000146 940e 0173 	CALL __MODW21
000148 9508      	RET
                 
                 ;OPTIMIZER ADDED SUBROUTINE, CALLED 2 TIMES, CODE SIZE REDUCTION:1 WORDS
                 SUBOPT_0x2:
000149 2da9      	MOV  R26,R9
00014a 27bb      	CLR  R27
00014b e0ea      	LDI  R30,LOW(10)
00014c e0f0      	LDI  R31,HIGH(10)
00014d 940e 0173 	CALL __MODW21
00014f 9508      	RET
                 
                 ;OPTIMIZER ADDED SUBROUTINE, CALLED 2 TIMES, CODE SIZE REDUCTION:1 WORDS
                 SUBOPT_0x3:
000150 2da6      	MOV  R26,R6
000151 27bb      	CLR  R27
000152 e0ea      	LDI  R30,LOW(10)
000153 e0f0      	LDI  R31,HIGH(10)
000154 940e 0173 	CALL __MODW21
000156 9508      	RET
                 
                 
                 	.CSEG
                 __ANEGW1:
000157 95f1      	NEG  R31
000158 95e1      	NEG  R30
000159 40f0      	SBCI R31,0
00015a 9508      	RET
                 
                 __DIVW21U:
00015b 2400      	CLR  R0
00015c 2411      	CLR  R1
00015d e190      	LDI  R25,16
                 __DIVW21U1:
00015e 0faa      	LSL  R26
00015f 1fbb      	ROL  R27
000160 1c00      	ROL  R0
000161 1c11      	ROL  R1
000162 1a0e      	SUB  R0,R30
000163 0a1f      	SBC  R1,R31
000164 f418      	BRCC __DIVW21U2
000165 0e0e      	ADD  R0,R30
000166 1e1f      	ADC  R1,R31
000167 c001      	RJMP __DIVW21U3
                 __DIVW21U2:
000168 60a1      	SBR  R26,1
                 __DIVW21U3:
000169 959a      	DEC  R25
00016a f799      	BRNE __DIVW21U1
00016b 01fd      	MOVW R30,R26
00016c 01d0      	MOVW R26,R0
00016d 9508      	RET
                 
                 __DIVW21:
00016e d012      	RCALL __CHKSIGNW
00016f dfeb      	RCALL __DIVW21U
000170 f40e      	BRTC __DIVW211
000171 dfe5      	RCALL __ANEGW1
                 __DIVW211:
000172 9508      	RET
                 
                 __MODW21:
000173 94e8      	CLT
000174 ffb7      	SBRS R27,7
000175 c004      	RJMP __MODW211
000176 95a0      	COM  R26
000177 95b0      	COM  R27
000178 9611      	ADIW R26,1
000179 9468      	SET
                 __MODW211:
00017a fdf7      	SBRC R31,7
00017b dfdb      	RCALL __ANEGW1
00017c dfde      	RCALL __DIVW21U
00017d 01fd      	MOVW R30,R26
00017e f40e      	BRTC __MODW212
00017f dfd7      	RCALL __ANEGW1
                 __MODW212:
000180 9508      	RET
                 
                 __CHKSIGNW:
000181 94e8      	CLT
000182 fff7      	SBRS R31,7
000183 c002      	RJMP __CHKSW1
000184 dfd2      	RCALL __ANEGW1
000185 9468      	SET
                 __CHKSW1:
000186 ffb7      	SBRS R27,7
000187 c006      	RJMP __CHKSW2
000188 95a0      	COM  R26
000189 95b0      	COM  R27
00018a 9611      	ADIW R26,1
00018b f800      	BLD  R0,0
00018c 9403      	INC  R0
00018d fa00      	BST  R0,0
                 __CHKSW2:
00018e 9508      	RET
                 
                 ;END OF CODE MARKER
                 __END_OF_CODE:


RESOURCE USE INFORMATION
------------------------

Notice:
The register and instruction counts are symbol table hit counts,
and hence implicitly used resources are not counted, eg, the
'lpm' instruction without operands implicitly uses r0 and z,
none of which are counted.

x,y,z are separate entities in the symbol table and are
counted separately from r26..r31 here.

.dseg memory usage only counts static data declared with .byte

ATmega16A register use summary:
r0 :  14 r1 :   7 r2 :   0 r3 :   0 r4 :  14 r5 :  12 r6 :   6 r7 :   0 
r8 :   6 r9 :   6 r10:   4 r11:   2 r12:   0 r13:   5 r14:   0 r15:   2 
r16:   0 r17:   0 r18:   0 r19:   0 r20:   0 r21:   0 r22:   4 r23:   2 
r24:   9 r25:   6 r26:  23 r27:  14 r28:   1 r29:   1 r30:  99 r31:  45 
x  :   3 y  :  24 z  :  11 
Registers used: 24 out of 35 (68.6%)

ATmega16A instruction use summary:
.lds  :   0 .lds.l:   0 .sts  :   0 .sts.l:   0 adc   :   1 add   :   1 
adiw  :   3 and   :   0 andi  :   0 asr   :   0 bclr  :   0 bld   :   1 
brbc  :   0 brbs  :   0 brcc  :   1 brcs  :   0 break :   0 breq  :   1 
brge  :   0 brhc  :   0 brhs  :   0 brid  :   0 brie  :   0 brlo  :   0 
brlt  :   0 brmi  :   0 brne  :  19 brpl  :   0 brsh  :   5 brtc  :   2 
brts  :   0 brvc  :   0 brvs  :   0 bset  :   0 bst   :   1 call  :  14 
cbi   :   0 cbr   :   0 clc   :   0 clh   :   0 cli   :   1 cln   :   0 
clr   :  13 cls   :   0 clt   :   2 clv   :   0 clz   :   0 com   :   5 
cp    :  17 cpc   :  12 cpi   :   0 cpse  :   0 dec   :   2 des   :   0 
eor   :   0 fmul  :   0 fmuls :   0 fmulsu:   0 icall :   0 ijmp  :   0 
in    :   1 inc   :   4 jmp   :  22 ld    :  16 ldd   :   0 ldi   :  62 
lds   :   0 lpm   :   7 lsl   :   2 lsr   :   0 mov   :  11 movw  :   9 
mul   :   0 muls  :   0 mulsu :   0 neg   :   2 nop   :   0 or    :   0 
ori   :   0 out   :  18 pop   :   0 push  :   0 rcall :   8 ret   :  10 
reti  :   1 rjmp  :  19 rol   :   4 ror   :   0 sbc   :   1 sbci  :   5 
sbi   :   0 sbic  :   0 sbis  :   0 sbiw  :   3 sbr   :   1 sbrc  :   1 
sbrs  :   3 sec   :   0 seh   :   0 sei   :   1 sen   :   0 ser   :   0 
ses   :   0 set   :   2 sev   :   0 sez   :   0 sleep :   0 spm   :   0 
st    :  15 std   :   0 sts   :   0 sub   :   1 subi  :   6 swap  :   0 
tst   :   1 wdr   :   0 
Instructions used: 46 out of 116 (39.7%)

ATmega16A memory use summary [bytes]:
Segment   Begin    End      Code   Data   Used    Size   Use%
---------------------------------------------------------------
[.cseg] 0x000000 0x00031e    746     52    798   16384   4.9%
[.dseg] 0x000060 0x00016a      0     10     10    1024   1.0%
[.eseg] 0x000000 0x000000      0      0      0     512   0.0%

Assembly complete, 0 errors, 9 warnings
