RAM Allocation [bytes]
Variable                                                                          Address   Size
------------------------------------------------------------------------------------------------
lcd_buffer                                                                        0x0160      32
_base_y                                                                           0x0180       4

EEPROM Allocation [bytes]
Variable                                                                          Address   Size
------------------------------------------------------------------------------------------------

Register Allocation
Variable                                                                          Register  Size
------------------------------------------------------------------------------------------------
count                                                                             R5           1
_lcd_x                                                                            R4           1
_lcd_y                                                                            R7           1
_lcd_maxx                                                                         R6           1

FLASH Allocation [words]
Function                                                                          Address   Size
------------------------------------------------------------------------------------------------
main                                                                              0x0006E     40
put_buff_G100                                                                     0x00096     64
_print_G100                                                                       0x000D6    308
sprintf                                                                           0x0020A     52
_lcd_write_nibble_G101                                                            0x0023E     20
_lcd_write_data                                                                   0x00252     12
lcd_gotoxy                                                                        0x0025E     13
lcd_clear                                                                         0x0026B     12
lcd_putchar                                                                       0x00277     21
lcd_puts                                                                          0x0028C     17
lcd_init                                                                          0x0029D     45
strlen                                                                            0x002CA     12
strlenf                                                                           0x002D6     13
