
AVRASM ver. 2.1.30  C:\Users\Asus\Desktop\Class2\e11\uart_inttrupt\Debug\List\usart.asm Thu Jul 17 19:45:57 2025

C:\Users\Asus\Desktop\Class2\e11\uart_inttrupt\Debug\List\usart.asm(1088): warning: Register r5 already defined by the .DEF directive
C:\Users\Asus\Desktop\Class2\e11\uart_inttrupt\Debug\List\usart.asm(1089): warning: Register r4 already defined by the .DEF directive
C:\Users\Asus\Desktop\Class2\e11\uart_inttrupt\Debug\List\usart.asm(1090): warning: Register r7 already defined by the .DEF directive
C:\Users\Asus\Desktop\Class2\e11\uart_inttrupt\Debug\List\usart.asm(1091): warning: Register r6 already defined by the .DEF directive
C:\Users\Asus\Desktop\Class2\e11\uart_inttrupt\Debug\List\usart.asm(1092): warning: Register r9 already defined by the .DEF directive
C:\Users\Asus\Desktop\Class2\e11\uart_inttrupt\Debug\List\usart.asm(1093): warning: Register r8 already defined by the .DEF directive
                 
                 
                 ;CodeVisionAVR C Compiler V3.14 Advanced
                 ;(C) Copyright 1998-2014 Pavel Haiduc, HP InfoTech s.r.l.
                 ;http://www.hpinfotech.com
                 
                 ;Build configuration    : Debug
                 ;Chip type              : ATmega16A
                 ;Program type           : Application
                 ;Clock frequency        : 8.000000 MHz
                 ;Memory model           : Small
                 ;Optimize for           : Size
                 ;(s)printf features     : int, width
                 ;(s)scanf features      : int, width
                 ;External RAM size      : 0
                 ;Data Stack size        : 256 byte(s)
                 ;Heap size              : 0 byte(s)
                 ;Promote 'char' to 'int': Yes
                 ;'char' is unsigned     : Yes
                 ;8 bit enums            : Yes
                 ;Global 'const' stored in FLASH: No
                 ;Enhanced function parameter passing: Yes
                 ;Enhanced core instructions: On
                 ;Automatic register allocation for global variables: On
                 ;Smart register allocation: On
                 
                 	#define _MODEL_SMALL_
                 
                 	#pragma AVRPART ADMIN PART_NAME ATmega16A
                 	#pragma AVRPART MEMORY PROG_FLASH 16384
                 	#pragma AVRPART MEMORY EEPROM 512
                 	#pragma AVRPART MEMORY INT_SRAM SIZE 1024
                 	#pragma AVRPART MEMORY INT_SRAM START_ADDR 0x60
                 
                 	#define CALL_SUPPORTED 1
                 
                 	.LISTMAC
                 	.EQU UDRE=0x5
                 	.EQU RXC=0x7
                 	.EQU USR=0xB
                 	.EQU UDR=0xC
                 	.EQU SPSR=0xE
                 	.EQU SPDR=0xF
                 	.EQU EERE=0x0
                 	.EQU EEWE=0x1
                 	.EQU EEMWE=0x2
                 	.EQU EECR=0x1C
                 	.EQU EEDR=0x1D
                 	.EQU EEARL=0x1E
                 	.EQU EEARH=0x1F
                 	.EQU WDTCR=0x21
                 	.EQU MCUCR=0x35
                 	.EQU GICR=0x3B
                 	.EQU SPL=0x3D
                 	.EQU SPH=0x3E
                 	.EQU SREG=0x3F
                 
                 	.DEF R0X0=R0
                 	.DEF R0X1=R1
                 	.DEF R0X2=R2
                 	.DEF R0X3=R3
                 	.DEF R0X4=R4
                 	.DEF R0X5=R5
                 	.DEF R0X6=R6
                 	.DEF R0X7=R7
                 	.DEF R0X8=R8
                 	.DEF R0X9=R9
                 	.DEF R0XA=R10
                 	.DEF R0XB=R11
                 	.DEF R0XC=R12
                 	.DEF R0XD=R13
                 	.DEF R0XE=R14
                 	.DEF R0XF=R15
                 	.DEF R0X10=R16
                 	.DEF R0X11=R17
                 	.DEF R0X12=R18
                 	.DEF R0X13=R19
                 	.DEF R0X14=R20
                 	.DEF R0X15=R21
                 	.DEF R0X16=R22
                 	.DEF R0X17=R23
                 	.DEF R0X18=R24
                 	.DEF R0X19=R25
                 	.DEF R0X1A=R26
                 	.DEF R0X1B=R27
                 	.DEF R0X1C=R28
                 	.DEF R0X1D=R29
                 	.DEF R0X1E=R30
                 	.DEF R0X1F=R31
                 
                 	.EQU __SRAM_START=0x0060
                 	.EQU __SRAM_END=0x045F
                 	.EQU __DSTACK_SIZE=0x0100
                 	.EQU __HEAP_SIZE=0x0000
                 	.EQU __CLEAR_SRAM_SIZE=__SRAM_END-__SRAM_START+1
                 
                 	.MACRO __CPD1N
                 	CPI  R30,LOW(@0)
                 	LDI  R26,HIGH(@0)
                 	CPC  R31,R26
                 	LDI  R26,BYTE3(@0)
                 	CPC  R22,R26
                 	LDI  R26,BYTE4(@0)
                 	CPC  R23,R26
                 	.ENDM
                 
                 	.MACRO __CPD2N
                 	CPI  R26,LOW(@0)
                 	LDI  R30,HIGH(@0)
                 	CPC  R27,R30
                 	LDI  R30,BYTE3(@0)
                 	CPC  R24,R30
                 	LDI  R30,BYTE4(@0)
                 	CPC  R25,R30
                 	.ENDM
                 
                 	.MACRO __CPWRR
                 	CP   R@0,R@2
                 	CPC  R@1,R@3
                 	.ENDM
                 
                 	.MACRO __CPWRN
                 	CPI  R@0,LOW(@2)
                 	LDI  R30,HIGH(@2)
                 	CPC  R@1,R30
                 	.ENDM
                 
                 	.MACRO __ADDB1MN
                 	SUBI R30,LOW(-@0-(@1))
                 	.ENDM
                 
                 	.MACRO __ADDB2MN
                 	SUBI R26,LOW(-@0-(@1))
                 	.ENDM
                 
                 	.MACRO __ADDW1MN
                 	SUBI R30,LOW(-@0-(@1))
                 	SBCI R31,HIGH(-@0-(@1))
                 	.ENDM
                 
                 	.MACRO __ADDW2MN
                 	SUBI R26,LOW(-@0-(@1))
                 	SBCI R27,HIGH(-@0-(@1))
                 	.ENDM
                 
                 	.MACRO __ADDW1FN
                 	SUBI R30,LOW(-2*@0-(@1))
                 	SBCI R31,HIGH(-2*@0-(@1))
                 	.ENDM
                 
                 	.MACRO __ADDD1FN
                 	SUBI R30,LOW(-2*@0-(@1))
                 	SBCI R31,HIGH(-2*@0-(@1))
                 	SBCI R22,BYTE3(-2*@0-(@1))
                 	.ENDM
                 
                 	.MACRO __ADDD1N
                 	SUBI R30,LOW(-@0)
                 	SBCI R31,HIGH(-@0)
                 	SBCI R22,BYTE3(-@0)
                 	SBCI R23,BYTE4(-@0)
                 	.ENDM
                 
                 	.MACRO __ADDD2N
                 	SUBI R26,LOW(-@0)
                 	SBCI R27,HIGH(-@0)
                 	SBCI R24,BYTE3(-@0)
                 	SBCI R25,BYTE4(-@0)
                 	.ENDM
                 
                 	.MACRO __SUBD1N
                 	SUBI R30,LOW(@0)
                 	SBCI R31,HIGH(@0)
                 	SBCI R22,BYTE3(@0)
                 	SBCI R23,BYTE4(@0)
                 	.ENDM
                 
                 	.MACRO __SUBD2N
                 	SUBI R26,LOW(@0)
                 	SBCI R27,HIGH(@0)
                 	SBCI R24,BYTE3(@0)
                 	SBCI R25,BYTE4(@0)
                 	.ENDM
                 
                 	.MACRO __ANDBMNN
                 	LDS  R30,@0+(@1)
                 	ANDI R30,LOW(@2)
                 	STS  @0+(@1),R30
                 	.ENDM
                 
                 	.MACRO __ANDWMNN
                 	LDS  R30,@0+(@1)
                 	ANDI R30,LOW(@2)
                 	STS  @0+(@1),R30
                 	LDS  R30,@0+(@1)+1
                 	ANDI R30,HIGH(@2)
                 	STS  @0+(@1)+1,R30
                 	.ENDM
                 
                 	.MACRO __ANDD1N
                 	ANDI R30,LOW(@0)
                 	ANDI R31,HIGH(@0)
                 	ANDI R22,BYTE3(@0)
                 	ANDI R23,BYTE4(@0)
                 	.ENDM
                 
                 	.MACRO __ANDD2N
                 	ANDI R26,LOW(@0)
                 	ANDI R27,HIGH(@0)
                 	ANDI R24,BYTE3(@0)
                 	ANDI R25,BYTE4(@0)
                 	.ENDM
                 
                 	.MACRO __ORBMNN
                 	LDS  R30,@0+(@1)
                 	ORI  R30,LOW(@2)
                 	STS  @0+(@1),R30
                 	.ENDM
                 
                 	.MACRO __ORWMNN
                 	LDS  R30,@0+(@1)
                 	ORI  R30,LOW(@2)
                 	STS  @0+(@1),R30
                 	LDS  R30,@0+(@1)+1
                 	ORI  R30,HIGH(@2)
                 	STS  @0+(@1)+1,R30
                 	.ENDM
                 
                 	.MACRO __ORD1N
                 	ORI  R30,LOW(@0)
                 	ORI  R31,HIGH(@0)
                 	ORI  R22,BYTE3(@0)
                 	ORI  R23,BYTE4(@0)
                 	.ENDM
                 
                 	.MACRO __ORD2N
                 	ORI  R26,LOW(@0)
                 	ORI  R27,HIGH(@0)
                 	ORI  R24,BYTE3(@0)
                 	ORI  R25,BYTE4(@0)
                 	.ENDM
                 
                 	.MACRO __DELAY_USB
                 	LDI  R24,LOW(@0)
                 __DELAY_USB_LOOP:
                 	DEC  R24
                 	BRNE __DELAY_USB_LOOP
                 	.ENDM
                 
                 	.MACRO __DELAY_USW
                 	LDI  R24,LOW(@0)
                 	LDI  R25,HIGH(@0)
                 __DELAY_USW_LOOP:
                 	SBIW R24,1
                 	BRNE __DELAY_USW_LOOP
                 	.ENDM
                 
                 	.MACRO __GETD1S
                 	LDD  R30,Y+@0
                 	LDD  R31,Y+@0+1
                 	LDD  R22,Y+@0+2
                 	LDD  R23,Y+@0+3
                 	.ENDM
                 
                 	.MACRO __GETD2S
                 	LDD  R26,Y+@0
                 	LDD  R27,Y+@0+1
                 	LDD  R24,Y+@0+2
                 	LDD  R25,Y+@0+3
                 	.ENDM
                 
                 	.MACRO __PUTD1S
                 	STD  Y+@0,R30
                 	STD  Y+@0+1,R31
                 	STD  Y+@0+2,R22
                 	STD  Y+@0+3,R23
                 	.ENDM
                 
                 	.MACRO __PUTD2S
                 	STD  Y+@0,R26
                 	STD  Y+@0+1,R27
                 	STD  Y+@0+2,R24
                 	STD  Y+@0+3,R25
                 	.ENDM
                 
                 	.MACRO __PUTDZ2
                 	STD  Z+@0,R26
                 	STD  Z+@0+1,R27
                 	STD  Z+@0+2,R24
                 	STD  Z+@0+3,R25
                 	.ENDM
                 
                 	.MACRO __CLRD1S
                 	STD  Y+@0,R30
                 	STD  Y+@0+1,R30
                 	STD  Y+@0+2,R30
                 	STD  Y+@0+3,R30
                 	.ENDM
                 
                 	.MACRO __POINTB1MN
                 	LDI  R30,LOW(@0+(@1))
                 	.ENDM
                 
                 	.MACRO __POINTW1MN
                 	LDI  R30,LOW(@0+(@1))
                 	LDI  R31,HIGH(@0+(@1))
                 	.ENDM
                 
                 	.MACRO __POINTD1M
                 	LDI  R30,LOW(@0)
                 	LDI  R31,HIGH(@0)
                 	LDI  R22,BYTE3(@0)
                 	LDI  R23,BYTE4(@0)
                 	.ENDM
                 
                 	.MACRO __POINTW1FN
                 	LDI  R30,LOW(2*@0+(@1))
                 	LDI  R31,HIGH(2*@0+(@1))
                 	.ENDM
                 
                 	.MACRO __POINTD1FN
                 	LDI  R30,LOW(2*@0+(@1))
                 	LDI  R31,HIGH(2*@0+(@1))
                 	LDI  R22,BYTE3(2*@0+(@1))
                 	LDI  R23,BYTE4(2*@0+(@1))
                 	.ENDM
                 
                 	.MACRO __POINTB2MN
                 	LDI  R26,LOW(@0+(@1))
                 	.ENDM
                 
                 	.MACRO __POINTW2MN
                 	LDI  R26,LOW(@0+(@1))
                 	LDI  R27,HIGH(@0+(@1))
                 	.ENDM
                 
                 	.MACRO __POINTW2FN
                 	LDI  R26,LOW(2*@0+(@1))
                 	LDI  R27,HIGH(2*@0+(@1))
                 	.ENDM
                 
                 	.MACRO __POINTD2FN
                 	LDI  R26,LOW(2*@0+(@1))
                 	LDI  R27,HIGH(2*@0+(@1))
                 	LDI  R24,BYTE3(2*@0+(@1))
                 	LDI  R25,BYTE4(2*@0+(@1))
                 	.ENDM
                 
                 	.MACRO __POINTBRM
                 	LDI  R@0,LOW(@1)
                 	.ENDM
                 
                 	.MACRO __POINTWRM
                 	LDI  R@0,LOW(@2)
                 	LDI  R@1,HIGH(@2)
                 	.ENDM
                 
                 	.MACRO __POINTBRMN
                 	LDI  R@0,LOW(@1+(@2))
                 	.ENDM
                 
                 	.MACRO __POINTWRMN
                 	LDI  R@0,LOW(@2+(@3))
                 	LDI  R@1,HIGH(@2+(@3))
                 	.ENDM
                 
                 	.MACRO __POINTWRFN
                 	LDI  R@0,LOW(@2*2+(@3))
                 	LDI  R@1,HIGH(@2*2+(@3))
                 	.ENDM
                 
                 	.MACRO __GETD1N
                 	LDI  R30,LOW(@0)
                 	LDI  R31,HIGH(@0)
                 	LDI  R22,BYTE3(@0)
                 	LDI  R23,BYTE4(@0)
                 	.ENDM
                 
                 	.MACRO __GETD2N
                 	LDI  R26,LOW(@0)
                 	LDI  R27,HIGH(@0)
                 	LDI  R24,BYTE3(@0)
                 	LDI  R25,BYTE4(@0)
                 	.ENDM
                 
                 	.MACRO __GETB1MN
                 	LDS  R30,@0+(@1)
                 	.ENDM
                 
                 	.MACRO __GETB1HMN
                 	LDS  R31,@0+(@1)
                 	.ENDM
                 
                 	.MACRO __GETW1MN
                 	LDS  R30,@0+(@1)
                 	LDS  R31,@0+(@1)+1
                 	.ENDM
                 
                 	.MACRO __GETD1MN
                 	LDS  R30,@0+(@1)
                 	LDS  R31,@0+(@1)+1
                 	LDS  R22,@0+(@1)+2
                 	LDS  R23,@0+(@1)+3
                 	.ENDM
                 
                 	.MACRO __GETBRMN
                 	LDS  R@0,@1+(@2)
                 	.ENDM
                 
                 	.MACRO __GETWRMN
                 	LDS  R@0,@2+(@3)
                 	LDS  R@1,@2+(@3)+1
                 	.ENDM
                 
                 	.MACRO __GETWRZ
                 	LDD  R@0,Z+@2
                 	LDD  R@1,Z+@2+1
                 	.ENDM
                 
                 	.MACRO __GETD2Z
                 	LDD  R26,Z+@0
                 	LDD  R27,Z+@0+1
                 	LDD  R24,Z+@0+2
                 	LDD  R25,Z+@0+3
                 	.ENDM
                 
                 	.MACRO __GETB2MN
                 	LDS  R26,@0+(@1)
                 	.ENDM
                 
                 	.MACRO __GETW2MN
                 	LDS  R26,@0+(@1)
                 	LDS  R27,@0+(@1)+1
                 	.ENDM
                 
                 	.MACRO __GETD2MN
                 	LDS  R26,@0+(@1)
                 	LDS  R27,@0+(@1)+1
                 	LDS  R24,@0+(@1)+2
                 	LDS  R25,@0+(@1)+3
                 	.ENDM
                 
                 	.MACRO __PUTB1MN
                 	STS  @0+(@1),R30
                 	.ENDM
                 
                 	.MACRO __PUTW1MN
                 	STS  @0+(@1),R30
                 	STS  @0+(@1)+1,R31
                 	.ENDM
                 
                 	.MACRO __PUTD1MN
                 	STS  @0+(@1),R30
                 	STS  @0+(@1)+1,R31
                 	STS  @0+(@1)+2,R22
                 	STS  @0+(@1)+3,R23
                 	.ENDM
                 
                 	.MACRO __PUTB1EN
                 	LDI  R26,LOW(@0+(@1))
                 	LDI  R27,HIGH(@0+(@1))
                 	CALL __EEPROMWRB
                 	.ENDM
                 
                 	.MACRO __PUTW1EN
                 	LDI  R26,LOW(@0+(@1))
                 	LDI  R27,HIGH(@0+(@1))
                 	CALL __EEPROMWRW
                 	.ENDM
                 
                 	.MACRO __PUTD1EN
                 	LDI  R26,LOW(@0+(@1))
                 	LDI  R27,HIGH(@0+(@1))
                 	CALL __EEPROMWRD
                 	.ENDM
                 
                 	.MACRO __PUTBR0MN
                 	STS  @0+(@1),R0
                 	.ENDM
                 
                 	.MACRO __PUTBMRN
                 	STS  @0+(@1),R@2
                 	.ENDM
                 
                 	.MACRO __PUTWMRN
                 	STS  @0+(@1),R@2
                 	STS  @0+(@1)+1,R@3
                 	.ENDM
                 
                 	.MACRO __PUTBZR
                 	STD  Z+@1,R@0
                 	.ENDM
                 
                 	.MACRO __PUTWZR
                 	STD  Z+@2,R@0
                 	STD  Z+@2+1,R@1
                 	.ENDM
                 
                 	.MACRO __GETW1R
                 	MOV  R30,R@0
                 	MOV  R31,R@1
                 	.ENDM
                 
                 	.MACRO __GETW2R
                 	MOV  R26,R@0
                 	MOV  R27,R@1
                 	.ENDM
                 
                 	.MACRO __GETWRN
                 	LDI  R@0,LOW(@2)
                 	LDI  R@1,HIGH(@2)
                 	.ENDM
                 
                 	.MACRO __PUTW1R
                 	MOV  R@0,R30
                 	MOV  R@1,R31
                 	.ENDM
                 
                 	.MACRO __PUTW2R
                 	MOV  R@0,R26
                 	MOV  R@1,R27
                 	.ENDM
                 
                 	.MACRO __ADDWRN
                 	SUBI R@0,LOW(-@2)
                 	SBCI R@1,HIGH(-@2)
                 	.ENDM
                 
                 	.MACRO __ADDWRR
                 	ADD  R@0,R@2
                 	ADC  R@1,R@3
                 	.ENDM
                 
                 	.MACRO __SUBWRN
                 	SUBI R@0,LOW(@2)
                 	SBCI R@1,HIGH(@2)
                 	.ENDM
                 
                 	.MACRO __SUBWRR
                 	SUB  R@0,R@2
                 	SBC  R@1,R@3
                 	.ENDM
                 
                 	.MACRO __ANDWRN
                 	ANDI R@0,LOW(@2)
                 	ANDI R@1,HIGH(@2)
                 	.ENDM
                 
                 	.MACRO __ANDWRR
                 	AND  R@0,R@2
                 	AND  R@1,R@3
                 	.ENDM
                 
                 	.MACRO __ORWRN
                 	ORI  R@0,LOW(@2)
                 	ORI  R@1,HIGH(@2)
                 	.ENDM
                 
                 	.MACRO __ORWRR
                 	OR   R@0,R@2
                 	OR   R@1,R@3
                 	.ENDM
                 
                 	.MACRO __EORWRR
                 	EOR  R@0,R@2
                 	EOR  R@1,R@3
                 	.ENDM
                 
                 	.MACRO __GETWRS
                 	LDD  R@0,Y+@2
                 	LDD  R@1,Y+@2+1
                 	.ENDM
                 
                 	.MACRO __PUTBSR
                 	STD  Y+@1,R@0
                 	.ENDM
                 
                 	.MACRO __PUTWSR
                 	STD  Y+@2,R@0
                 	STD  Y+@2+1,R@1
                 	.ENDM
                 
                 	.MACRO __MOVEWRR
                 	MOV  R@0,R@2
                 	MOV  R@1,R@3
                 	.ENDM
                 
                 	.MACRO __INWR
                 	IN   R@0,@2
                 	IN   R@1,@2+1
                 	.ENDM
                 
                 	.MACRO __OUTWR
                 	OUT  @2+1,R@1
                 	OUT  @2,R@0
                 	.ENDM
                 
                 	.MACRO __CALL1MN
                 	LDS  R30,@0+(@1)
                 	LDS  R31,@0+(@1)+1
                 	ICALL
                 	.ENDM
                 
                 	.MACRO __CALL1FN
                 	LDI  R30,LOW(2*@0+(@1))
                 	LDI  R31,HIGH(2*@0+(@1))
                 	CALL __GETW1PF
                 	ICALL
                 	.ENDM
                 
                 	.MACRO __CALL2EN
                 	PUSH R26
                 	PUSH R27
                 	LDI  R26,LOW(@0+(@1))
                 	LDI  R27,HIGH(@0+(@1))
                 	CALL __EEPROMRDW
                 	POP  R27
                 	POP  R26
                 	ICALL
                 	.ENDM
                 
                 	.MACRO __CALL2EX
                 	SUBI R26,LOW(-@0)
                 	SBCI R27,HIGH(-@0)
                 	CALL __EEPROMRDD
                 	ICALL
                 	.ENDM
                 
                 	.MACRO __GETW1STACK
                 	IN   R30,SPL
                 	IN   R31,SPH
                 	ADIW R30,@0+1
                 	LD   R0,Z+
                 	LD   R31,Z
                 	MOV  R30,R0
                 	.ENDM
                 
                 	.MACRO __GETD1STACK
                 	IN   R30,SPL
                 	IN   R31,SPH
                 	ADIW R30,@0+1
                 	LD   R0,Z+
                 	LD   R1,Z+
                 	LD   R22,Z
                 	MOVW R30,R0
                 	.ENDM
                 
                 	.MACRO __NBST
                 	BST  R@0,@1
                 	IN   R30,SREG
                 	LDI  R31,0x40
                 	EOR  R30,R31
                 	OUT  SREG,R30
                 	.ENDM
                 
                 
                 	.MACRO __PUTB1SN
                 	LDD  R26,Y+@0
                 	LDD  R27,Y+@0+1
                 	SUBI R26,LOW(-@1)
                 	SBCI R27,HIGH(-@1)
                 	ST   X,R30
                 	.ENDM
                 
                 	.MACRO __PUTW1SN
                 	LDD  R26,Y+@0
                 	LDD  R27,Y+@0+1
                 	SUBI R26,LOW(-@1)
                 	SBCI R27,HIGH(-@1)
                 	ST   X+,R30
                 	ST   X,R31
                 	.ENDM
                 
                 	.MACRO __PUTD1SN
                 	LDD  R26,Y+@0
                 	LDD  R27,Y+@0+1
                 	SUBI R26,LOW(-@1)
                 	SBCI R27,HIGH(-@1)
                 	CALL __PUTDP1
                 	.ENDM
                 
                 	.MACRO __PUTB1SNS
                 	LDD  R26,Y+@0
                 	LDD  R27,Y+@0+1
                 	ADIW R26,@1
                 	ST   X,R30
                 	.ENDM
                 
                 	.MACRO __PUTW1SNS
                 	LDD  R26,Y+@0
                 	LDD  R27,Y+@0+1
                 	ADIW R26,@1
                 	ST   X+,R30
                 	ST   X,R31
                 	.ENDM
                 
                 	.MACRO __PUTD1SNS
                 	LDD  R26,Y+@0
                 	LDD  R27,Y+@0+1
                 	ADIW R26,@1
                 	CALL __PUTDP1
                 	.ENDM
                 
                 	.MACRO __PUTB1PMN
                 	LDS  R26,@0
                 	LDS  R27,@0+1
                 	SUBI R26,LOW(-@1)
                 	SBCI R27,HIGH(-@1)
                 	ST   X,R30
                 	.ENDM
                 
                 	.MACRO __PUTW1PMN
                 	LDS  R26,@0
                 	LDS  R27,@0+1
                 	SUBI R26,LOW(-@1)
                 	SBCI R27,HIGH(-@1)
                 	ST   X+,R30
                 	ST   X,R31
                 	.ENDM
                 
                 	.MACRO __PUTD1PMN
                 	LDS  R26,@0
                 	LDS  R27,@0+1
                 	SUBI R26,LOW(-@1)
                 	SBCI R27,HIGH(-@1)
                 	CALL __PUTDP1
                 	.ENDM
                 
                 	.MACRO __PUTB1PMNS
                 	LDS  R26,@0
                 	LDS  R27,@0+1
                 	ADIW R26,@1
                 	ST   X,R30
                 	.ENDM
                 
                 	.MACRO __PUTW1PMNS
                 	LDS  R26,@0
                 	LDS  R27,@0+1
                 	ADIW R26,@1
                 	ST   X+,R30
                 	ST   X,R31
                 	.ENDM
                 
                 	.MACRO __PUTD1PMNS
                 	LDS  R26,@0
                 	LDS  R27,@0+1
                 	ADIW R26,@1
                 	CALL __PUTDP1
                 	.ENDM
                 
                 	.MACRO __PUTB1RN
                 	MOVW R26,R@0
                 	SUBI R26,LOW(-@1)
                 	SBCI R27,HIGH(-@1)
                 	ST   X,R30
                 	.ENDM
                 
                 	.MACRO __PUTW1RN
                 	MOVW R26,R@0
                 	SUBI R26,LOW(-@1)
                 	SBCI R27,HIGH(-@1)
                 	ST   X+,R30
                 	ST   X,R31
                 	.ENDM
                 
                 	.MACRO __PUTD1RN
                 	MOVW R26,R@0
                 	SUBI R26,LOW(-@1)
                 	SBCI R27,HIGH(-@1)
                 	CALL __PUTDP1
                 	.ENDM
                 
                 	.MACRO __PUTB1RNS
                 	MOVW R26,R@0
                 	ADIW R26,@1
                 	ST   X,R30
                 	.ENDM
                 
                 	.MACRO __PUTW1RNS
                 	MOVW R26,R@0
                 	ADIW R26,@1
                 	ST   X+,R30
                 	ST   X,R31
                 	.ENDM
                 
                 	.MACRO __PUTD1RNS
                 	MOVW R26,R@0
                 	ADIW R26,@1
                 	CALL __PUTDP1
                 	.ENDM
                 
                 	.MACRO __PUTB1RON
                 	MOV  R26,R@0
                 	MOV  R27,R@1
                 	SUBI R26,LOW(-@2)
                 	SBCI R27,HIGH(-@2)
                 	ST   X,R30
                 	.ENDM
                 
                 	.MACRO __PUTW1RON
                 	MOV  R26,R@0
                 	MOV  R27,R@1
                 	SUBI R26,LOW(-@2)
                 	SBCI R27,HIGH(-@2)
                 	ST   X+,R30
                 	ST   X,R31
                 	.ENDM
                 
                 	.MACRO __PUTD1RON
                 	MOV  R26,R@0
                 	MOV  R27,R@1
                 	SUBI R26,LOW(-@2)
                 	SBCI R27,HIGH(-@2)
                 	CALL __PUTDP1
                 	.ENDM
                 
                 	.MACRO __PUTB1RONS
                 	MOV  R26,R@0
                 	MOV  R27,R@1
                 	ADIW R26,@2
                 	ST   X,R30
                 	.ENDM
                 
                 	.MACRO __PUTW1RONS
                 	MOV  R26,R@0
                 	MOV  R27,R@1
                 	ADIW R26,@2
                 	ST   X+,R30
                 	ST   X,R31
                 	.ENDM
                 
                 	.MACRO __PUTD1RONS
                 	MOV  R26,R@0
                 	MOV  R27,R@1
                 	ADIW R26,@2
                 	CALL __PUTDP1
                 	.ENDM
                 
                 
                 	.MACRO __GETB1SX
                 	MOVW R30,R28
                 	SUBI R30,LOW(-@0)
                 	SBCI R31,HIGH(-@0)
                 	LD   R30,Z
                 	.ENDM
                 
                 	.MACRO __GETB1HSX
                 	MOVW R30,R28
                 	SUBI R30,LOW(-@0)
                 	SBCI R31,HIGH(-@0)
                 	LD   R31,Z
                 	.ENDM
                 
                 	.MACRO __GETW1SX
                 	MOVW R30,R28
                 	SUBI R30,LOW(-@0)
                 	SBCI R31,HIGH(-@0)
                 	LD   R0,Z+
                 	LD   R31,Z
                 	MOV  R30,R0
                 	.ENDM
                 
                 	.MACRO __GETD1SX
                 	MOVW R30,R28
                 	SUBI R30,LOW(-@0)
                 	SBCI R31,HIGH(-@0)
                 	LD   R0,Z+
                 	LD   R1,Z+
                 	LD   R22,Z+
                 	LD   R23,Z
                 	MOVW R30,R0
                 	.ENDM
                 
                 	.MACRO __GETB2SX
                 	MOVW R26,R28
                 	SUBI R26,LOW(-@0)
                 	SBCI R27,HIGH(-@0)
                 	LD   R26,X
                 	.ENDM
                 
                 	.MACRO __GETW2SX
                 	MOVW R26,R28
                 	SUBI R26,LOW(-@0)
                 	SBCI R27,HIGH(-@0)
                 	LD   R0,X+
                 	LD   R27,X
                 	MOV  R26,R0
                 	.ENDM
                 
                 	.MACRO __GETD2SX
                 	MOVW R26,R28
                 	SUBI R26,LOW(-@0)
                 	SBCI R27,HIGH(-@0)
                 	LD   R0,X+
                 	LD   R1,X+
                 	LD   R24,X+
                 	LD   R25,X
                 	MOVW R26,R0
                 	.ENDM
                 
                 	.MACRO __GETBRSX
                 	MOVW R30,R28
                 	SUBI R30,LOW(-@1)
                 	SBCI R31,HIGH(-@1)
                 	LD   R@0,Z
                 	.ENDM
                 
                 	.MACRO __GETWRSX
                 	MOVW R30,R28
                 	SUBI R30,LOW(-@2)
                 	SBCI R31,HIGH(-@2)
                 	LD   R@0,Z+
                 	LD   R@1,Z
                 	.ENDM
                 
                 	.MACRO __GETBRSX2
                 	MOVW R26,R28
                 	SUBI R26,LOW(-@1)
                 	SBCI R27,HIGH(-@1)
                 	LD   R@0,X
                 	.ENDM
                 
                 	.MACRO __GETWRSX2
                 	MOVW R26,R28
                 	SUBI R26,LOW(-@2)
                 	SBCI R27,HIGH(-@2)
                 	LD   R@0,X+
                 	LD   R@1,X
                 	.ENDM
                 
                 	.MACRO __LSLW8SX
                 	MOVW R30,R28
                 	SUBI R30,LOW(-@0)
                 	SBCI R31,HIGH(-@0)
                 	LD   R31,Z
                 	CLR  R30
                 	.ENDM
                 
                 	.MACRO __PUTB1SX
                 	MOVW R26,R28
                 	SUBI R26,LOW(-@0)
                 	SBCI R27,HIGH(-@0)
                 	ST   X,R30
                 	.ENDM
                 
                 	.MACRO __PUTW1SX
                 	MOVW R26,R28
                 	SUBI R26,LOW(-@0)
                 	SBCI R27,HIGH(-@0)
                 	ST   X+,R30
                 	ST   X,R31
                 	.ENDM
                 
                 	.MACRO __PUTD1SX
                 	MOVW R26,R28
                 	SUBI R26,LOW(-@0)
                 	SBCI R27,HIGH(-@0)
                 	ST   X+,R30
                 	ST   X+,R31
                 	ST   X+,R22
                 	ST   X,R23
                 	.ENDM
                 
                 	.MACRO __CLRW1SX
                 	MOVW R26,R28
                 	SUBI R26,LOW(-@0)
                 	SBCI R27,HIGH(-@0)
                 	ST   X+,R30
                 	ST   X,R30
                 	.ENDM
                 
                 	.MACRO __CLRD1SX
                 	MOVW R26,R28
                 	SUBI R26,LOW(-@0)
                 	SBCI R27,HIGH(-@0)
                 	ST   X+,R30
                 	ST   X+,R30
                 	ST   X+,R30
                 	ST   X,R30
                 	.ENDM
                 
                 	.MACRO __PUTB2SX
                 	MOVW R30,R28
                 	SUBI R30,LOW(-@0)
                 	SBCI R31,HIGH(-@0)
                 	ST   Z,R26
                 	.ENDM
                 
                 	.MACRO __PUTW2SX
                 	MOVW R30,R28
                 	SUBI R30,LOW(-@0)
                 	SBCI R31,HIGH(-@0)
                 	ST   Z+,R26
                 	ST   Z,R27
                 	.ENDM
                 
                 	.MACRO __PUTD2SX
                 	MOVW R30,R28
                 	SUBI R30,LOW(-@0)
                 	SBCI R31,HIGH(-@0)
                 	ST   Z+,R26
                 	ST   Z+,R27
                 	ST   Z+,R24
                 	ST   Z,R25
                 	.ENDM
                 
                 	.MACRO __PUTBSRX
                 	MOVW R30,R28
                 	SUBI R30,LOW(-@1)
                 	SBCI R31,HIGH(-@1)
                 	ST   Z,R@0
                 	.ENDM
                 
                 	.MACRO __PUTWSRX
                 	MOVW R30,R28
                 	SUBI R30,LOW(-@2)
                 	SBCI R31,HIGH(-@2)
                 	ST   Z+,R@0
                 	ST   Z,R@1
                 	.ENDM
                 
                 	.MACRO __PUTB1SNX
                 	MOVW R26,R28
                 	SUBI R26,LOW(-@0)
                 	SBCI R27,HIGH(-@0)
                 	LD   R0,X+
                 	LD   R27,X
                 	MOV  R26,R0
                 	SUBI R26,LOW(-@1)
                 	SBCI R27,HIGH(-@1)
                 	ST   X,R30
                 	.ENDM
                 
                 	.MACRO __PUTW1SNX
                 	MOVW R26,R28
                 	SUBI R26,LOW(-@0)
                 	SBCI R27,HIGH(-@0)
                 	LD   R0,X+
                 	LD   R27,X
                 	MOV  R26,R0
                 	SUBI R26,LOW(-@1)
                 	SBCI R27,HIGH(-@1)
                 	ST   X+,R30
                 	ST   X,R31
                 	.ENDM
                 
                 	.MACRO __PUTD1SNX
                 	MOVW R26,R28
                 	SUBI R26,LOW(-@0)
                 	SBCI R27,HIGH(-@0)
                 	LD   R0,X+
                 	LD   R27,X
                 	MOV  R26,R0
                 	SUBI R26,LOW(-@1)
                 	SBCI R27,HIGH(-@1)
                 	ST   X+,R30
                 	ST   X+,R31
                 	ST   X+,R22
                 	ST   X,R23
                 	.ENDM
                 
                 	.MACRO __MULBRR
                 	MULS R@0,R@1
                 	MOVW R30,R0
                 	.ENDM
                 
                 	.MACRO __MULBRRU
                 	MUL  R@0,R@1
                 	MOVW R30,R0
                 	.ENDM
                 
                 	.MACRO __MULBRR0
                 	MULS R@0,R@1
                 	.ENDM
                 
                 	.MACRO __MULBRRU0
                 	MUL  R@0,R@1
                 	.ENDM
                 
                 	.MACRO __MULBNWRU
                 	LDI  R26,@2
                 	MUL  R26,R@0
                 	MOVW R30,R0
                 	MUL  R26,R@1
                 	ADD  R31,R0
                 	.ENDM
                 
                 ;NAME DEFINITIONS FOR GLOBAL VARIABLES ALLOCATED TO REGISTERS
                 	.DEF _counter=R5
                 	.DEF _RX_count=R4
                 	.DEF _j=R7
                 	.DEF __lcd_x=R6
                 	.DEF __lcd_y=R9
                 	.DEF __lcd_maxx=R8
                 
                 	.CSEG
                 	.ORG 0x00
                 
                 ;START OF CODE MARKER
                 __START_OF_CODE:
                 
                 ;INTERRUPT VECTORS
000000 940c 0049 	JMP  __RESET
000002 940c 0000 	JMP  0x00
000004 940c 0000 	JMP  0x00
000006 940c 0000 	JMP  0x00
000008 940c 0000 	JMP  0x00
00000a 940c 0000 	JMP  0x00
00000c 940c 0000 	JMP  0x00
00000e 940c 0000 	JMP  0x00
000010 940c 0000 	JMP  0x00
000012 940c 0000 	JMP  0x00
000014 940c 0000 	JMP  0x00
000016 940c 0076 	JMP  _USART_RX_ISR
000018 940c 0000 	JMP  0x00
00001a 940c 0000 	JMP  0x00
00001c 940c 0000 	JMP  0x00
00001e 940c 0000 	JMP  0x00
000020 940c 0000 	JMP  0x00
000022 940c 0000 	JMP  0x00
000024 940c 0000 	JMP  0x00
000026 940c 0000 	JMP  0x00
000028 940c 0000 	JMP  0x00
                 
                 _tbl10_G100:
00002a 2710
00002b 03e8
00002c 0064
00002d 000a      	.DB  0x10,0x27,0xE8,0x3,0x64,0x0,0xA,0x0
00002e 0001      	.DB  0x1,0x0
                 _tbl16_G100:
00002f 1000
000030 0100
000031 0010
000032 0001      	.DB  0x0,0x10,0x0,0x1,0x10,0x0,0x1,0x0
                 
                 ;GLOBAL REGISTER VARIABLES INITIALIZATION
                 __REG_VARS:
000033 0000
000034 0000      	.DB  0x0,0x0,0x0,0x0
                 
                 _0x3:
000035 454c
000036 5f44
000037 4e4f      	.DB  0x4C,0x45,0x44,0x5F,0x4F,0x4E
                 _0x4:
000038 454c
000039 5f44
00003a 464f      	.DB  0x4C,0x45,0x44,0x5F,0x4F,0x46
                 _0x2020003:
00003b c080      	.DB  0x80,0xC0
                 
                 __GLOBAL_INI_TBL:
00003c 0004      	.DW  0x04
00003d 0004      	.DW  0x04
00003e 0066      	.DW  __REG_VARS*2
                 
00003f 0006      	.DW  0x06
000040 0168      	.DW  _CommandOn
000041 006a      	.DW  _0x3*2
                 
000042 0006      	.DW  0x06
000043 016f      	.DW  _CommandOff
000044 0070      	.DW  _0x4*2
                 
000045 0002      	.DW  0x02
000046 0176      	.DW  __base_y_G101
000047 0076      	.DW  _0x2020003*2
                 
                 _0xFFFFFFFF:
000048 0000      	.DW  0
                 
                 #define __GLOBAL_INI_TBL_PRESENT 1
                 
                 __RESET:
000049 94f8      	CLI
00004a 27ee      	CLR  R30
00004b bbec      	OUT  EECR,R30
                 
                 ;INTERRUPT VECTORS ARE PLACED
                 ;AT THE START OF FLASH
00004c e0f1      	LDI  R31,1
00004d bffb      	OUT  GICR,R31
00004e bfeb      	OUT  GICR,R30
00004f bfe5      	OUT  MCUCR,R30
                 
                 ;CLEAR R2-R14
000050 e08d      	LDI  R24,(14-2)+1
000051 e0a2      	LDI  R26,2
000052 27bb      	CLR  R27
                 __CLEAR_REG:
000053 93ed      	ST   X+,R30
000054 958a      	DEC  R24
000055 f7e9      	BRNE __CLEAR_REG
                 
                 ;CLEAR SRAM
000056 e080      	LDI  R24,LOW(__CLEAR_SRAM_SIZE)
000057 e094      	LDI  R25,HIGH(__CLEAR_SRAM_SIZE)
000058 e6a0      	LDI  R26,__SRAM_START
                 __CLEAR_SRAM:
000059 93ed      	ST   X+,R30
00005a 9701      	SBIW R24,1
00005b f7e9      	BRNE __CLEAR_SRAM
                 
                 ;GLOBAL VARIABLES INITIALIZATION
00005c e7e8      	LDI  R30,LOW(__GLOBAL_INI_TBL*2)
00005d e0f0      	LDI  R31,HIGH(__GLOBAL_INI_TBL*2)
                 __GLOBAL_INI_NEXT:
00005e 9185      	LPM  R24,Z+
00005f 9195      	LPM  R25,Z+
000060 9700      	SBIW R24,0
000061 f061      	BREQ __GLOBAL_INI_END
000062 91a5      	LPM  R26,Z+
000063 91b5      	LPM  R27,Z+
000064 9005      	LPM  R0,Z+
000065 9015      	LPM  R1,Z+
000066 01bf      	MOVW R22,R30
000067 01f0      	MOVW R30,R0
                 __GLOBAL_INI_LOOP:
000068 9005      	LPM  R0,Z+
000069 920d      	ST   X+,R0
00006a 9701      	SBIW R24,1
00006b f7e1      	BRNE __GLOBAL_INI_LOOP
00006c 01fb      	MOVW R30,R22
00006d cff0      	RJMP __GLOBAL_INI_NEXT
                 __GLOBAL_INI_END:
                 
                 ;HARDWARE STACK POINTER INITIALIZATION
00006e e5ef      	LDI  R30,LOW(__SRAM_END-__HEAP_SIZE)
00006f bfed      	OUT  SPL,R30
000070 e0e4      	LDI  R30,HIGH(__SRAM_END-__HEAP_SIZE)
000071 bfee      	OUT  SPH,R30
                 
                 ;DATA STACK POINTER INITIALIZATION
000072 e6c0      	LDI  R28,LOW(__SRAM_START+__DSTACK_SIZE)
000073 e0d1      	LDI  R29,HIGH(__SRAM_START+__DSTACK_SIZE)
                 
000074 940c 00b8 	JMP  _main
                 
                 	.ESEG
                 	.ORG 0
                 
                 	.DSEG
                 	.ORG 0x160
                 
                 	.CSEG
                 ;/*
                 ; * uart.c
                 ; *
                 ; * Created: 7/10/2025 5:27:17 PM
                 ; * Author: Asus
                 ; */
                 ;
                 ;
                 ;
                 ;#include <io.h>
                 	#ifndef __SLEEP_DEFINED__
                 	#define __SLEEP_DEFINED__
                 	.EQU __se_bit=0x40
                 	.EQU __sm_mask=0xB0
                 	.EQU __sm_powerdown=0x20
                 	.EQU __sm_powersave=0x30
                 	.EQU __sm_standby=0xA0
                 	.EQU __sm_ext_standby=0xB0
                 	.EQU __sm_adc_noise_red=0x10
                 	.SET power_ctrl_reg=mcucr
                 	#endif
                 ;#include <stdio.h>
                 ;#include <stdint.h>
                 ;#include <delay.h>
                 ;#include <alcd.h>
                 ;
                 ;
                 ;uint8_t uart_buffer_TX[20];
                 ;uint8_t uart_buffer_RX[8];
                 ;uint8_t counter=0;
                 ;uint8_t RX_count=0;
                 ;uint8_t j=0;
                 ;const char CommandOn[7]= "LED_ON";
                 
                 	.DSEG
                 ;const char CommandOff[7]="LED_OF";
                 ;uint8_t ON_F(void);
                 ;uint8_t OFF_F(void);
                 ;
                 ;interrupt [12] void USART_RX_ISR(void)
                 ; 0000 001C {
                 
                 	.CSEG
                 _USART_RX_ISR:
                 ; .FSTART _USART_RX_ISR
000076 920a      	ST   -Y,R0
000077 921a      	ST   -Y,R1
000078 92fa      	ST   -Y,R15
000079 936a      	ST   -Y,R22
00007a 937a      	ST   -Y,R23
00007b 938a      	ST   -Y,R24
00007c 939a      	ST   -Y,R25
00007d 93aa      	ST   -Y,R26
00007e 93ba      	ST   -Y,R27
00007f 93ea      	ST   -Y,R30
000080 93fa      	ST   -Y,R31
000081 b7ef      	IN   R30,SREG
000082 93ea      	ST   -Y,R30
                 ; 0000 001D    uart_buffer_RX[RX_count]=UDR;
000083 2da4      	MOV  R26,R4
000084 e0b0      	LDI  R27,0
000085 5aa0      	SUBI R26,LOW(-_uart_buffer_RX)
000086 4fbe      	SBCI R27,HIGH(-_uart_buffer_RX)
000087 b1ec      	IN   R30,0xC
000088 93ec      	ST   X,R30
                 ; 0000 001E    if(uart_buffer_RX[RX_count]==13)
000089 2de4      	MOV  R30,R4
00008a 940e 0158 	CALL SUBOPT_0x0
00008c 30ad      	CPI  R26,LOW(0xD)
00008d f4b9      	BRNE _0x5
                 ; 0000 001F    {
                 ; 0000 0020        RX_count=0;
00008e 2444      	CLR  R4
                 ; 0000 0021        if(ON_F()==1)
00008f d044      	RCALL _ON_F
000090 30e1      	CPI  R30,LOW(0x1)
000091 f411      	BRNE _0x6
                 ; 0000 0022        {
                 ; 0000 0023           PORTC|=(1<<0);
000092 9aa8      	SBI  0x15,0
                 ; 0000 0024        }
                 ; 0000 0025        else if(OFF_F()==1)
000093 c004      	RJMP _0x7
                 _0x6:
000094 d053      	RCALL _OFF_F
000095 30e1      	CPI  R30,LOW(0x1)
000096 f409      	BRNE _0x8
                 ; 0000 0026        {
                 ; 0000 0027           PORTC &= ~(1<<0);
000097 98a8      	CBI  0x15,0
                 ; 0000 0028        }
                 ; 0000 0029        else
                 _0x8:
                 ; 0000 002A        {
                 ; 0000 002B 
                 ; 0000 002C        }
                 _0x7:
                 ; 0000 002D        for(j=0;j<sizeof(uart_buffer_RX);j++)
000098 2477      	CLR  R7
                 _0xB:
000099 e0e8      	LDI  R30,LOW(8)
00009a 167e      	CP   R7,R30
00009b f440      	BRSH _0xC
                 ; 0000 002E        {
                 ; 0000 002F            uart_buffer_RX[j]=0;
00009c 2de7      	MOV  R30,R7
00009d e0f0      	LDI  R31,0
00009e 5ae0      	SUBI R30,LOW(-_uart_buffer_RX)
00009f 4ffe      	SBCI R31,HIGH(-_uart_buffer_RX)
0000a0 e0a0      	LDI  R26,LOW(0)
0000a1 83a0      	STD  Z+0,R26
                 ; 0000 0030        }
0000a2 9473      	INC  R7
0000a3 cff5      	RJMP _0xB
                 _0xC:
                 ; 0000 0031    }
                 ; 0000 0032    else
0000a4 c005      	RJMP _0xD
                 _0x5:
                 ; 0000 0033    {
                 ; 0000 0034     RX_count++;
0000a5 9443      	INC  R4
                 ; 0000 0035     if(RX_count>=7)
0000a6 e0e7      	LDI  R30,LOW(7)
0000a7 164e      	CP   R4,R30
0000a8 f008      	BRLO _0xE
                 ; 0000 0036       RX_count=0;
0000a9 2444      	CLR  R4
                 ; 0000 0037    }
                 _0xE:
                 _0xD:
                 ; 0000 0038 
                 ; 0000 0039 
                 ; 0000 003A 
                 ; 0000 003B }
0000aa 91e9      	LD   R30,Y+
0000ab bfef      	OUT  SREG,R30
0000ac 91f9      	LD   R31,Y+
0000ad 91e9      	LD   R30,Y+
0000ae 91b9      	LD   R27,Y+
0000af 91a9      	LD   R26,Y+
0000b0 9199      	LD   R25,Y+
0000b1 9189      	LD   R24,Y+
0000b2 9179      	LD   R23,Y+
0000b3 9169      	LD   R22,Y+
0000b4 90f9      	LD   R15,Y+
0000b5 9019      	LD   R1,Y+
0000b6 9009      	LD   R0,Y+
0000b7 9518      	RETI
                 ; .FEND
                 ;
                 ;
                 ;void main(void)
                 ; 0000 003F {
                 _main:
                 ; .FSTART _main
                 ; 0000 0040 UCSRB=(1<<RXCIE) | (0<<TXCIE) | (0<<UDRIE) | (1<<RXEN) | (1<<TXEN) | (0<<UCSZ2) | (0<<RXB8) | (0<<TXB8);
0000b8 e9e8      	LDI  R30,LOW(152)
0000b9 b9ea      	OUT  0xA,R30
                 ; 0000 0041 UCSRC=(1<<URSEL) | (0<<UMSEL) | (0<<UPM1) | (0<<UPM0) | (0<<USBS) | (1<<UCSZ1) | (1<<UCSZ0) | (0<<UCPOL);
0000ba e8e6      	LDI  R30,LOW(134)
0000bb bde0      	OUT  0x20,R30
                 ; 0000 0042 UBRRH=0x00;
0000bc e0e0      	LDI  R30,LOW(0)
0000bd bde0      	OUT  0x20,R30
                 ; 0000 0043 UBRRL=0x33;
0000be e3e3      	LDI  R30,LOW(51)
0000bf b9e9      	OUT  0x9,R30
                 ; 0000 0044 DDRC=1;
0000c0 e0e1      	LDI  R30,LOW(1)
0000c1 bbe4      	OUT  0x14,R30
                 ; 0000 0045 PORTC=0;
0000c2 e0e0      	LDI  R30,LOW(0)
0000c3 bbe5      	OUT  0x15,R30
                 ; 0000 0046 lcd_init(16);
0000c4 e1a0      	LDI  R26,LOW(16)
0000c5 940e 012a 	CALL _lcd_init
                 ; 0000 0047 #asm("SEI")
0000c7 9478      	SEI
                 ; 0000 0048 while (1)
                 _0xF:
                 ; 0000 0049 {
                 ; 0000 004A  PORTC|=(1<<1);
0000c8 9aa9      	SBI  0x15,1
                 ; 0000 004B  delay_ms(100);
0000c9 e6a4      	LDI  R26,LOW(100)
0000ca e0b0      	LDI  R27,0
0000cb 940e 016b 	CALL _delay_ms
                 ; 0000 004C  PORTC&=~(1<<1);
0000cd 98a9      	CBI  0x15,1
                 ; 0000 004D  delay_ms(100);
0000ce e6a4      	LDI  R26,LOW(100)
0000cf e0b0      	LDI  R27,0
0000d0 940e 016b 	CALL _delay_ms
                 ; 0000 004E }
0000d2 cff5      	RJMP _0xF
                 ; 0000 004F }
                 _0x12:
0000d3 cfff      	RJMP _0x12
                 ; .FEND
                 ;
                 ;uint8_t ON_F(void)
                 ; 0000 0052 {
                 _ON_F:
                 ; .FSTART _ON_F
                 ; 0000 0053     uint8_t i=0;
                 ; 0000 0054     for(i=0;i<=5;i++)
0000d4 931a      	ST   -Y,R17
                 ;	i -> R17
0000d5 e010      	LDI  R17,0
0000d6 e010      	LDI  R17,LOW(0)
                 _0x14:
0000d7 3016      	CPI  R17,6
0000d8 f470      	BRSH _0x15
                 ; 0000 0055     {
                 ; 0000 0056         if(uart_buffer_RX[i]!=CommandOn[i])
0000d9 2fe1      	MOV  R30,R17
0000da 940e 0158 	CALL SUBOPT_0x0
0000dc 2fe1      	MOV  R30,R17
0000dd e0f0      	LDI  R31,0
0000de 59e8      	SUBI R30,LOW(-_CommandOn)
0000df 4ffe      	SBCI R31,HIGH(-_CommandOn)
0000e0 81e0      	LD   R30,Z
0000e1 17ea      	CP   R30,R26
0000e2 f011      	BREQ _0x16
                 ; 0000 0057         {
                 ; 0000 0058             return 0;
0000e3 e0e0      	LDI  R30,LOW(0)
0000e4 c017      	RJMP _0x2080002
                 ; 0000 0059         }
                 ; 0000 005A     }
                 _0x16:
0000e5 5f1f      	SUBI R17,-1
0000e6 cff0      	RJMP _0x14
                 _0x15:
                 ; 0000 005B     return 1;
0000e7 c013      	RJMP _0x2080003
                 ; 0000 005C }
                 ; .FEND
                 ;uint8_t OFF_F(void)
                 ; 0000 005E {
                 _OFF_F:
                 ; .FSTART _OFF_F
                 ; 0000 005F     uint8_t i=0;
                 ; 0000 0060     for(i=0;i<=5;i++)
0000e8 931a      	ST   -Y,R17
                 ;	i -> R17
0000e9 e010      	LDI  R17,0
0000ea e010      	LDI  R17,LOW(0)
                 _0x18:
0000eb 3016      	CPI  R17,6
0000ec f470      	BRSH _0x19
                 ; 0000 0061     {
                 ; 0000 0062         if(uart_buffer_RX[i]!=CommandOff[i])
0000ed 2fe1      	MOV  R30,R17
0000ee 940e 0158 	CALL SUBOPT_0x0
0000f0 2fe1      	MOV  R30,R17
0000f1 e0f0      	LDI  R31,0
0000f2 59e1      	SUBI R30,LOW(-_CommandOff)
0000f3 4ffe      	SBCI R31,HIGH(-_CommandOff)
0000f4 81e0      	LD   R30,Z
0000f5 17ea      	CP   R30,R26
0000f6 f011      	BREQ _0x1A
                 ; 0000 0063         {
                 ; 0000 0064             return 0;
0000f7 e0e0      	LDI  R30,LOW(0)
0000f8 c003      	RJMP _0x2080002
                 ; 0000 0065         }
                 ; 0000 0066     }
                 _0x1A:
0000f9 5f1f      	SUBI R17,-1
0000fa cff0      	RJMP _0x18
                 _0x19:
                 ; 0000 0067     return 1;
                 _0x2080003:
0000fb e0e1      	LDI  R30,LOW(1)
                 _0x2080002:
0000fc 9119      	LD   R17,Y+
0000fd 9508      	RET
                 ; 0000 0068 }
                 ; .FEND
                 	#ifndef __SLEEP_DEFINED__
                 	#endif
                 
                 	.CSEG
                 	#ifndef __SLEEP_DEFINED__
                 	#endif
                 
                 	.DSEG
                 
                 	.CSEG
                 __lcd_write_nibble_G101:
                 ; .FSTART __lcd_write_nibble_G101
0000fe 93aa      	ST   -Y,R26
0000ff b3eb      	IN   R30,0x1B
000100 70ef      	ANDI R30,LOW(0xF)
000101 2fae      	MOV  R26,R30
000102 81e8      	LD   R30,Y
000103 7fe0      	ANDI R30,LOW(0xF0)
000104 2bea      	OR   R30,R26
000105 bbeb      	OUT  0x1B,R30
                +
000106 e08d     +LDI R24 , LOW ( 13 )
                +__DELAY_USB_LOOP :
000107 958a     +DEC R24
000108 f7f1     +BRNE __DELAY_USB_LOOP
                 	__DELAY_USB 13
000109 9ada      	SBI  0x1B,2
                +
00010a e08d     +LDI R24 , LOW ( 13 )
                +__DELAY_USB_LOOP :
00010b 958a     +DEC R24
00010c f7f1     +BRNE __DELAY_USB_LOOP
                 	__DELAY_USB 13
00010d 98da      	CBI  0x1B,2
                +
00010e e08d     +LDI R24 , LOW ( 13 )
                +__DELAY_USB_LOOP :
00010f 958a     +DEC R24
000110 f7f1     +BRNE __DELAY_USB_LOOP
                 	__DELAY_USB 13
000111 c044      	RJMP _0x2080001
                 ; .FEND
                 __lcd_write_data:
                 ; .FSTART __lcd_write_data
000112 93aa      	ST   -Y,R26
000113 81a8      	LD   R26,Y
000114 dfe9      	RCALL __lcd_write_nibble_G101
000115 81e8          ld    r30,y
000116 95e2          swap  r30
000117 83e8          st    y,r30
000118 81a8      	LD   R26,Y
000119 dfe4      	RCALL __lcd_write_nibble_G101
                +
00011a e885     +LDI R24 , LOW ( 133 )
                +__DELAY_USB_LOOP :
00011b 958a     +DEC R24
00011c f7f1     +BRNE __DELAY_USB_LOOP
                 	__DELAY_USB 133
00011d c038      	RJMP _0x2080001
                 ; .FEND
                 _lcd_clear:
                 ; .FSTART _lcd_clear
00011e e0a2      	LDI  R26,LOW(2)
00011f 940e 015d 	CALL SUBOPT_0x1
000121 e0ac      	LDI  R26,LOW(12)
000122 dfef      	RCALL __lcd_write_data
000123 e0a1      	LDI  R26,LOW(1)
000124 940e 015d 	CALL SUBOPT_0x1
000126 e0e0      	LDI  R30,LOW(0)
000127 2e9e      	MOV  R9,R30
000128 2e6e      	MOV  R6,R30
000129 9508      	RET
                 ; .FEND
                 _lcd_init:
                 ; .FSTART _lcd_init
00012a 93aa      	ST   -Y,R26
00012b b3ea      	IN   R30,0x1A
00012c 6fe0      	ORI  R30,LOW(0xF0)
00012d bbea      	OUT  0x1A,R30
00012e 9ad2      	SBI  0x1A,2
00012f 9ad0      	SBI  0x1A,0
000130 9ad1      	SBI  0x1A,1
000131 98da      	CBI  0x1B,2
000132 98d8      	CBI  0x1B,0
000133 98d9      	CBI  0x1B,1
000134 8088      	LDD  R8,Y+0
000135 81e8      	LD   R30,Y
000136 58e0      	SUBI R30,-LOW(128)
                +
000137 93e0 0178+STS __base_y_G101 + ( 2 ) , R30
                 	__PUTB1MN __base_y_G101,2
000139 81e8      	LD   R30,Y
00013a 54e0      	SUBI R30,-LOW(192)
                +
00013b 93e0 0179+STS __base_y_G101 + ( 3 ) , R30
                 	__PUTB1MN __base_y_G101,3
00013d e1a4      	LDI  R26,LOW(20)
00013e e0b0      	LDI  R27,0
00013f 940e 016b 	CALL _delay_ms
000141 940e 0163 	CALL SUBOPT_0x2
000143 940e 0163 	CALL SUBOPT_0x2
000145 940e 0163 	CALL SUBOPT_0x2
000147 e2a0      	LDI  R26,LOW(32)
000148 dfb5      	RCALL __lcd_write_nibble_G101
                +
000149 ec88     +LDI R24 , LOW ( 200 )
00014a e090     +LDI R25 , HIGH ( 200 )
                +__DELAY_USW_LOOP :
00014b 9701     +SBIW R24 , 1
00014c f7f1     +BRNE __DELAY_USW_LOOP
                 	__DELAY_USW 200
00014d e2a8      	LDI  R26,LOW(40)
00014e dfc3      	RCALL __lcd_write_data
00014f e0a4      	LDI  R26,LOW(4)
000150 dfc1      	RCALL __lcd_write_data
000151 e8a5      	LDI  R26,LOW(133)
000152 dfbf      	RCALL __lcd_write_data
000153 e0a6      	LDI  R26,LOW(6)
000154 dfbd      	RCALL __lcd_write_data
000155 dfc8      	RCALL _lcd_clear
                 _0x2080001:
000156 9621      	ADIW R28,1
000157 9508      	RET
                 ; .FEND
                 
                 	.CSEG
                 
                 	.CSEG
                 
                 	.DSEG
                 _uart_buffer_RX:
000160           	.BYTE 0x8
                 _CommandOn:
000168           	.BYTE 0x7
                 _CommandOff:
00016f           	.BYTE 0x7
                 __base_y_G101:
000176           	.BYTE 0x4
                 
                 	.CSEG
                 ;OPTIMIZER ADDED SUBROUTINE, CALLED 3 TIMES, CODE SIZE REDUCTION:1 WORDS
                 SUBOPT_0x0:
000158 e0f0      	LDI  R31,0
000159 5ae0      	SUBI R30,LOW(-_uart_buffer_RX)
00015a 4ffe      	SBCI R31,HIGH(-_uart_buffer_RX)
00015b 81a0      	LD   R26,Z
00015c 9508      	RET
                 
                 ;OPTIMIZER ADDED SUBROUTINE, CALLED 2 TIMES, CODE SIZE REDUCTION:1 WORDS
                 SUBOPT_0x1:
00015d 940e 0112 	CALL __lcd_write_data
00015f e0a3      	LDI  R26,LOW(3)
000160 e0b0      	LDI  R27,0
000161 940c 016b 	JMP  _delay_ms
                 
                 ;OPTIMIZER ADDED SUBROUTINE, CALLED 3 TIMES, CODE SIZE REDUCTION:7 WORDS
                 SUBOPT_0x2:
000163 e3a0      	LDI  R26,LOW(48)
000164 940e 00fe 	CALL __lcd_write_nibble_G101
                +
000166 ec88     +LDI R24 , LOW ( 200 )
000167 e090     +LDI R25 , HIGH ( 200 )
                +__DELAY_USW_LOOP :
000168 9701     +SBIW R24 , 1
000169 f7f1     +BRNE __DELAY_USW_LOOP
                 	__DELAY_USW 200
00016a 9508      	RET
                 
                 
                 	.CSEG
                 _delay_ms:
00016b 9610      	adiw r26,0
00016c f039      	breq __delay_ms1
                 __delay_ms0:
00016d 95a8      	wdr
                +
00016e ed80     +LDI R24 , LOW ( 0x7D0 )
00016f e097     +LDI R25 , HIGH ( 0x7D0 )
                +__DELAY_USW_LOOP :
000170 9701     +SBIW R24 , 1
000171 f7f1     +BRNE __DELAY_USW_LOOP
                 	__DELAY_USW 0x7D0
000172 9711      	sbiw r26,1
000173 f7c9      	brne __delay_ms0
                 __delay_ms1:
000174 9508      	ret
                 
                 ;END OF CODE MARKER
                 __END_OF_CODE:


RESOURCE USE INFORMATION
------------------------

Notice:
The register and instruction counts are symbol table hit counts,
and hence implicitly used resources are not counted, eg, the
'lpm' instruction without operands implicitly uses r0 and z,
none of which are counted.

x,y,z are separate entities in the symbol table and are
counted separately from r26..r31 here.

.dseg memory usage only counts static data declared with .byte

ATmega16A register use summary:
r0 :   6 r1 :   3 r2 :   0 r3 :   0 r4 :   6 r5 :   0 r6 :   1 r7 :   4 
r8 :   1 r9 :   1 r10:   0 r11:   0 r12:   0 r13:   0 r14:   0 r15:   2 
r16:   0 r17:  15 r18:   0 r19:   0 r20:   0 r21:   0 r22:   4 r23:   2 
r24:  23 r25:   7 r26:  36 r27:  10 r28:   2 r29:   1 r30:  79 r31:  13 
x  :   4 y  :  38 z  :  11 
Registers used: 22 out of 35 (62.9%)

ATmega16A instruction use summary:
.lds  :   0 .lds.l:   0 .sts  :   0 .sts.l:   0 adc   :   0 add   :   0 
adiw  :   2 and   :   0 andi  :   2 asr   :   0 bclr  :   0 bld   :   0 
brbc  :   0 brbs  :   0 brcc  :   0 brcs  :   0 break :   0 breq  :   4 
brge  :   0 brhc  :   0 brhs  :   0 brid  :   0 brie  :   0 brlo  :   1 
brlt  :   0 brmi  :   0 brne  :  14 brpl  :   0 brsh  :   3 brtc  :   0 
brts  :   0 brvc  :   0 brvs  :   0 bset  :   0 bst   :   0 call  :  14 
cbi   :   6 cbr   :   0 clc   :   0 clh   :   0 cli   :   1 cln   :   0 
clr   :   5 cls   :   0 clt   :   0 clv   :   0 clz   :   0 com   :   0 
cp    :   4 cpc   :   0 cpi   :   5 cpse  :   0 dec   :   5 des   :   0 
eor   :   0 fmul  :   0 fmuls :   0 fmulsu:   0 icall :   0 ijmp  :   0 
in    :   4 inc   :   2 jmp   :  23 ld    :  22 ldd   :   1 ldi   :  62 
lds   :   0 lpm   :   7 lsl   :   0 lsr   :   0 mov   :  10 movw  :   3 
mul   :   0 muls  :   0 mulsu :   0 neg   :   0 nop   :   0 or    :   1 
ori   :   1 out   :  15 pop   :   0 push  :   0 rcall :  11 ret   :   6 
reti  :   1 rjmp  :  13 rol   :   0 ror   :   0 sbc   :   0 sbci  :   5 
sbi   :   6 sbic  :   0 sbis  :   0 sbiw  :   7 sbr   :   0 sbrc  :   0 
sbrs  :   0 sec   :   0 seh   :   0 sei   :   1 sen   :   0 ser   :   0 
ses   :   0 set   :   0 sev   :   0 sez   :   0 sleep :   0 spm   :   0 
st    :  22 std   :   1 sts   :   2 sub   :   0 subi  :   9 swap  :   1 
tst   :   0 wdr   :   1 
Instructions used: 39 out of 116 (33.6%)

ATmega16A memory use summary [bytes]:
Segment   Begin    End      Code   Data   Used    Size   Use%
---------------------------------------------------------------
[.cseg] 0x000000 0x0002ea    684     62    746   16384   4.6%
[.dseg] 0x000060 0x00017a      0     26     26    1024   2.5%
[.eseg] 0x000000 0x000000      0      0      0     512   0.0%

Assembly complete, 0 errors, 6 warnings
